[    6.996083] kernel: Linux version 6.17.0-8-generic (buildd@lcy02-amd64-076) (x86_64-linux-gnu-gcc (Ubuntu 15.2.0-4ubuntu4) 15.2.0, GNU ld (GNU Binutils for Ubuntu) 2.45) #8-Ubuntu SMP PREEMPT_DYNAMIC Fri Nov 14 21:44:46 UTC 2025 (Ubuntu 6.17.0-8.8-generic 6.17.2)
[    6.996113] kernel: Command line: BOOT_IMAGE=/boot/vmlinuz-6.17.0-8-generic root=UUID=a8465cb1-32e2-4975-af2b-b1d070a0fe19 ro quiet splash vt.handoff=7
[    6.996126] kernel: KERNEL supported cpus:
[    6.996136] kernel:   Intel GenuineIntel
[    6.996146] kernel:   AMD AuthenticAMD
[    6.996158] kernel:   Hygon HygonGenuine
[    6.996169] kernel:   Centaur CentaurHauls
[    6.996179] kernel:   zhaoxin   Shanghai  
[    6.996188] kernel: BIOS-provided physical RAM map:
[    6.996198] kernel: BIOS-e820: [mem 0x0000000000000000-0x000000000009d3ff] usable
[    6.996208] kernel: BIOS-e820: [mem 0x000000000009d400-0x000000000009ffff] reserved
[    6.996218] kernel: BIOS-e820: [mem 0x00000000000e0000-0x00000000000fffff] reserved
[    6.996227] kernel: BIOS-e820: [mem 0x0000000000100000-0x0000000009e01fff] usable
[    6.996237] kernel: BIOS-e820: [mem 0x0000000009e02000-0x0000000009ffffff] reserved
[    6.996248] kernel: BIOS-e820: [mem 0x000000000a000000-0x000000000a1fffff] usable
[    6.996260] kernel: BIOS-e820: [mem 0x000000000a200000-0x000000000a20afff] ACPI NVS
[    6.996269] kernel: BIOS-e820: [mem 0x000000000a20b000-0x000000000affffff] usable
[    6.996279] kernel: BIOS-e820: [mem 0x000000000b000000-0x000000000b01ffff] reserved
[    6.996288] kernel: BIOS-e820: [mem 0x000000000b020000-0x000000005b8e4fff] usable
[    6.996298] kernel: BIOS-e820: [mem 0x000000005b8e5000-0x000000005b9fafff] reserved
[    6.996307] kernel: BIOS-e820: [mem 0x000000005b9fb000-0x000000005bb7bfff] usable
[    6.996317] kernel: BIOS-e820: [mem 0x000000005bb7c000-0x000000005bf8cfff] ACPI NVS
[    6.996327] kernel: BIOS-e820: [mem 0x000000005bf8d000-0x000000005cb98fff] reserved
[    6.996336] kernel: BIOS-e820: [mem 0x000000005cb99000-0x000000005effffff] usable
[    6.996346] kernel: BIOS-e820: [mem 0x000000005f000000-0x00000000dfffffff] reserved
[    6.996355] kernel: BIOS-e820: [mem 0x00000000f8000000-0x00000000fbffffff] reserved
[    6.996365] kernel: BIOS-e820: [mem 0x00000000fd000000-0x00000000ffffffff] reserved
[    6.996374] kernel: BIOS-e820: [mem 0x0000000100000000-0x000000021f33ffff] usable
[    6.996384] kernel: NX (Execute Disable) protection: active
[    6.996393] kernel: APIC: Static calls initialized
[    6.996404] kernel: SMBIOS 3.2.0 present.
[    6.996414] kernel: DMI: Gigabyte Technology Co., Ltd. A320M-S2H/A320M-S2H-CF, BIOS F41a 07/12/2019
[    6.996424] kernel: DMI: Memory slots populated: 1/4
[    6.996433] kernel: tsc: Fast TSC calibration using PIT
[    6.996443] kernel: tsc: Detected 3493.371 MHz processor
[    6.996452] kernel: e820: update [mem 0x00000000-0x00000fff] usable ==> reserved
[    6.996463] kernel: e820: remove [mem 0x000a0000-0x000fffff] usable
[    6.996474] kernel: last_pfn = 0x21f340 max_arch_pfn = 0x400000000
[    6.996484] kernel: MTRR map: 5 entries (3 fixed + 2 variable; max 20), built from 9 variable MTRRs
[    6.996494] kernel: x86/PAT: Configuration [0-7]: WB  WC  UC- UC  WB  WP  UC- WT  
[    6.996508] kernel: e820: update [mem 0xe0000000-0xffffffff] usable ==> reserved
[    6.996518] kernel: last_pfn = 0x5f000 max_arch_pfn = 0x400000000
[    6.996529] kernel: Using GB pages for direct mapping
[    6.996539] kernel: RAMDISK: [mem 0x2d2db000-0x32964fff]
[    6.996551] kernel: ACPI: Early table checksum verification disabled
[    6.996561] kernel: ACPI: RSDP 0x00000000000F05A0 000024 (v02 ALASKA)
[    6.996571] kernel: ACPI: XSDT 0x000000005BF090A8 0000CC (v01 ALASKA A M I    01072009 AMI  00010013)
[    6.996582] kernel: ACPI: FACP 0x000000005BF0FC88 000114 (v06 ALASKA A M I    01072009 AMI  00010013)
[    6.996592] kernel: ACPI: DSDT 0x000000005BF09208 006A7B (v02 ALASKA A M I    01072009 INTL 20160930)
[    6.996602] kernel: ACPI: FACS 0x000000005BF75E00 000040
[    6.996612] kernel: ACPI: APIC 0x000000005BF0FDA0 00015E (v03 ALASKA A M I    01072009 AMI  00010013)
[    6.996622] kernel: ACPI: FPDT 0x000000005BF0FF00 000044 (v01 ALASKA A M I    01072009 AMI  00010013)
[    6.996634] kernel: ACPI: FIDT 0x000000005BF0FF48 00009C (v01 ALASKA A M I    01072009 AMI  00010013)
[    6.996645] kernel: ACPI: SSDT 0x000000005BF0FFE8 000060 (v02 ALASKA A M I    01072009 AMI  01072009)
[    6.996655] kernel: ACPI: SSDT 0x000000005BF10048 005419 (v02 ALASKA A M I    00000002 MSFT 02000002)
[    6.996665] kernel: ACPI: SSDT 0x000000005BF15468 0032F2 (v01 ALASKA A M I    00000001 INTL 20160930)
[    6.996675] kernel: ACPI: MCFG 0x000000005BF18760 00003C (v01 ALASKA A M I    01072009 MSFT 00010013)
[    6.996685] kernel: ACPI: SSDT 0x000000005BF187A0 0060D7 (v01 ALASKA A M I    00000001 INTL 20160930)
[    6.996695] kernel: ACPI: HPET 0x000000005BF1E878 000038 (v01 ALASKA A M I    01072009 AMI  00000005)
[    6.996705] kernel: ACPI: UEFI 0x000000005BF1E8B0 000042 (v01 ALASKA A M I    00000002      01000013)
[    6.996716] kernel: ACPI: IVRS 0x000000005BF1E8F8 0000D0 (v02 ALASKA A M I    00000001 AMD  00000000)
[    6.996728] kernel: ACPI: SSDT 0x000000005BF1E9C8 0008E0 (v01 ALASKA A M I    00000001 AMD  00000001)
[    6.996738] kernel: ACPI: CRAT 0x000000005BF1F2A8 000490 (v01 ALASKA A M I    00000001 AMD  00000001)
[    6.996748] kernel: ACPI: CDIT 0x000000005BF1F738 000029 (v01 ALASKA A M I    00000001 AMD  00000001)
[    6.996758] kernel: ACPI: SSDT 0x000000005BF1F768 0012BE (v01 ALASKA A M I    00000001 INTL 20160930)
[    6.996768] kernel: ACPI: SSDT 0x000000005BF20A28 00146E (v01 ALASKA A M I    00000001 INTL 20160930)
[    6.996778] kernel: ACPI: SSDT 0x000000005BF21E98 001EC3 (v01 ALASKA A M I    00000001 INTL 20160930)
[    6.996790] kernel: ACPI: SSDT 0x000000005BF23D60 0000BF (v01 ALASKA A M I    00001000 INTL 20160930)
[    6.996800] kernel: ACPI: WSMT 0x000000005BF23E20 000028 (v01 ALASKA A M I    01072009 AMI  00010013)
[    6.996812] kernel: ACPI: SSDT 0x000000005BF23E48 0013F0 (v01 ALASKA A M I    00000001 INTL 20160930)
[    6.996822] kernel: ACPI: Reserving FACP table memory at [mem 0x5bf0fc88-0x5bf0fd9b]
[    6.996832] kernel: ACPI: Reserving DSDT table memory at [mem 0x5bf09208-0x5bf0fc82]
[    6.996842] kernel: ACPI: Reserving FACS table memory at [mem 0x5bf75e00-0x5bf75e3f]
[    6.996852] kernel: ACPI: Reserving APIC table memory at [mem 0x5bf0fda0-0x5bf0fefd]
[    6.996862] kernel: ACPI: Reserving FPDT table memory at [mem 0x5bf0ff00-0x5bf0ff43]
[    6.996872] kernel: ACPI: Reserving FIDT table memory at [mem 0x5bf0ff48-0x5bf0ffe3]
[    6.996882] kernel: ACPI: Reserving SSDT table memory at [mem 0x5bf0ffe8-0x5bf10047]
[    6.996892] kernel: ACPI: Reserving SSDT table memory at [mem 0x5bf10048-0x5bf15460]
[    6.996904] kernel: ACPI: Reserving SSDT table memory at [mem 0x5bf15468-0x5bf18759]
[    6.996914] kernel: ACPI: Reserving MCFG table memory at [mem 0x5bf18760-0x5bf1879b]
[    6.996925] kernel: ACPI: Reserving SSDT table memory at [mem 0x5bf187a0-0x5bf1e876]
[    6.996934] kernel: ACPI: Reserving HPET table memory at [mem 0x5bf1e878-0x5bf1e8af]
[    6.996944] kernel: ACPI: Reserving UEFI table memory at [mem 0x5bf1e8b0-0x5bf1e8f1]
[    6.996955] kernel: ACPI: Reserving IVRS table memory at [mem 0x5bf1e8f8-0x5bf1e9c7]
[    6.996965] kernel: ACPI: Reserving SSDT table memory at [mem 0x5bf1e9c8-0x5bf1f2a7]
[    6.996974] kernel: ACPI: Reserving CRAT table memory at [mem 0x5bf1f2a8-0x5bf1f737]
[    6.996984] kernel: ACPI: Reserving CDIT table memory at [mem 0x5bf1f738-0x5bf1f760]
[    6.996994] kernel: ACPI: Reserving SSDT table memory at [mem 0x5bf1f768-0x5bf20a25]
[    6.997041] kernel: ACPI: Reserving SSDT table memory at [mem 0x5bf20a28-0x5bf21e95]
[    6.997052] kernel: ACPI: Reserving SSDT table memory at [mem 0x5bf21e98-0x5bf23d5a]
[    6.997062] kernel: ACPI: Reserving SSDT table memory at [mem 0x5bf23d60-0x5bf23e1e]
[    6.997072] kernel: ACPI: Reserving WSMT table memory at [mem 0x5bf23e20-0x5bf23e47]
[    6.997082] kernel: ACPI: Reserving SSDT table memory at [mem 0x5bf23e48-0x5bf25237]
[    6.997091] kernel: No NUMA configuration found
[    6.997102] kernel: Faking a node at [mem 0x0000000000000000-0x000000021f33ffff]
[    6.997112] kernel: NODE_DATA(0) allocated [mem 0x21f3152c0-0x21f33ffff]
[    6.997122] kernel: Zone ranges:
[    6.997134] kernel:   DMA      [mem 0x0000000000001000-0x0000000000ffffff]
[    6.997145] kernel:   DMA32    [mem 0x0000000001000000-0x00000000ffffffff]
[    6.997155] kernel:   Normal   [mem 0x0000000100000000-0x000000021f33ffff]
[    6.997164] kernel:   Device   empty
[    6.997174] kernel: Movable zone start for each node
[    6.997185] kernel: Early memory node ranges
[    6.997194] kernel:   node   0: [mem 0x0000000000001000-0x000000000009cfff]
[    6.997204] kernel:   node   0: [mem 0x0000000000100000-0x0000000009e01fff]
[    6.997215] kernel:   node   0: [mem 0x000000000a000000-0x000000000a1fffff]
[    6.997227] kernel:   node   0: [mem 0x000000000a20b000-0x000000000affffff]
[    6.997237] kernel:   node   0: [mem 0x000000000b020000-0x000000005b8e4fff]
[    6.997247] kernel:   node   0: [mem 0x000000005b9fb000-0x000000005bb7bfff]
[    6.997257] kernel:   node   0: [mem 0x000000005cb99000-0x000000005effffff]
[    6.997267] kernel:   node   0: [mem 0x0000000100000000-0x000000021f33ffff]
[    6.997277] kernel: Initmem setup node 0 [mem 0x0000000000001000-0x000000021f33ffff]
[    6.997288] kernel: On node 0, zone DMA: 1 pages in unavailable ranges
[    6.997298] kernel: On node 0, zone DMA: 99 pages in unavailable ranges
[    6.997308] kernel: On node 0, zone DMA32: 510 pages in unavailable ranges
[    6.997320] kernel: On node 0, zone DMA32: 11 pages in unavailable ranges
[    6.997330] kernel: On node 0, zone DMA32: 32 pages in unavailable ranges
[    6.997341] kernel: On node 0, zone DMA32: 278 pages in unavailable ranges
[    6.997356] kernel: On node 0, zone DMA32: 4125 pages in unavailable ranges
[    6.997367] kernel: On node 0, zone Normal: 4096 pages in unavailable ranges
[    6.997377] kernel: On node 0, zone Normal: 3264 pages in unavailable ranges
[    6.997387] kernel: ACPI: PM-Timer IO Port: 0x808
[    6.997397] kernel: CPU topo: Ignoring hot-pluggable APIC ID 0 in present package.
[    6.997409] kernel: ACPI: LAPIC_NMI (acpi_id[0xff] high edge lint[0x1])
[    6.997421] kernel: IOAPIC[0]: apic_id 5, version 33, address 0xfec00000, GSI 0-23
[    6.997431] kernel: IOAPIC[1]: apic_id 6, version 33, address 0xfec01000, GSI 24-55
[    6.997441] kernel: ACPI: INT_SRC_OVR (bus 0 bus_irq 0 global_irq 2 dfl dfl)
[    6.997451] kernel: ACPI: INT_SRC_OVR (bus 0 bus_irq 9 global_irq 9 low level)
[    6.997461] kernel: ACPI: Using ACPI (MADT) for SMP configuration information
[    6.997472] kernel: ACPI: HPET id: 0x10228201 base: 0xfed00000
[    6.997482] kernel: CPU topo: Max. logical packages:   1
[    6.997492] kernel: CPU topo: Max. logical dies:       1
[    6.997503] kernel: CPU topo: Max. dies per package:   1
[    6.997513] kernel: CPU topo: Max. threads per core:   2
[    6.997523] kernel: CPU topo: Num. cores per package:     2
[    6.997533] kernel: CPU topo: Num. threads per package:   4
[    6.997543] kernel: CPU topo: Allowing 4 present CPUs plus 0 hotplug CPUs
[    6.997554] kernel: CPU topo: Rejected CPUs 28
[    6.997563] kernel: PM: hibernation: Registered nosave memory: [mem 0x00000000-0x00000fff]
[    6.997574] kernel: PM: hibernation: Registered nosave memory: [mem 0x0009d000-0x000fffff]
[    6.997584] kernel: PM: hibernation: Registered nosave memory: [mem 0x09e02000-0x09ffffff]
[    6.997594] kernel: PM: hibernation: Registered nosave memory: [mem 0x0a200000-0x0a20afff]
[    6.997606] kernel: PM: hibernation: Registered nosave memory: [mem 0x0b000000-0x0b01ffff]
[    6.997616] kernel: PM: hibernation: Registered nosave memory: [mem 0x5b8e5000-0x5b9fafff]
[    6.997627] kernel: PM: hibernation: Registered nosave memory: [mem 0x5bb7c000-0x5cb98fff]
[    6.997637] kernel: PM: hibernation: Registered nosave memory: [mem 0x5f000000-0xffffffff]
[    6.997647] kernel: [mem 0xe0000000-0xf7ffffff] available for PCI devices
[    6.997657] kernel: Booting paravirtualized kernel on bare hardware
[    6.997667] kernel: clocksource: refined-jiffies: mask: 0xffffffff max_cycles: 0xffffffff, max_idle_ns: 1910969940391419 ns
[    6.997678] kernel: setup_percpu: NR_CPUS:8192 nr_cpumask_bits:4 nr_cpu_ids:4 nr_node_ids:1
[    6.997690] kernel: percpu: Embedded 84 pages/cpu s221184 r8192 d114688 u524288
[    6.997700] kernel: pcpu-alloc: s221184 r8192 d114688 u524288 alloc=1*2097152
[    6.997710] kernel: pcpu-alloc: [0] 0 1 2 3 
[    6.997720] kernel: Kernel command line: BOOT_IMAGE=/boot/vmlinuz-6.17.0-8-generic root=UUID=a8465cb1-32e2-4975-af2b-b1d070a0fe19 ro quiet splash vt.handoff=7
[    6.997731] kernel: Unknown kernel command line parameters "splash BOOT_IMAGE=/boot/vmlinuz-6.17.0-8-generic", will be passed to user space.
[    6.997741] kernel: random: crng init done
[    6.997752] kernel: printk: log buffer data + meta data: 262144 + 917504 = 1179648 bytes
[    6.997762] kernel: Dentry cache hash table entries: 1048576 (order: 11, 8388608 bytes, linear)
[    6.997772] kernel: Inode-cache hash table entries: 524288 (order: 10, 4194304 bytes, linear)
[    6.997784] kernel: software IO TLB: area num 4.
[    6.997794] kernel: Fallback order for Node 0: 0 
[    6.997804] kernel: Built 1 zonelists, mobility grouping on.  Total pages: 1560448
[    6.997814] kernel: Policy zone: Normal
[    6.997825] kernel: mem auto-init: stack:all(zero), heap alloc:on, heap free:off
[    6.997835] kernel: SLUB: HWalign=64, Order=0-3, MinObjects=0, CPUs=4, Nodes=1
[    6.997845] kernel: ftrace: allocating 61461 entries in 242 pages
[    6.997859] kernel: ftrace: allocated 242 pages with 5 groups
[    6.997869] kernel: Dynamic Preempt: voluntary
[    6.997881] kernel: rcu: Preemptible hierarchical RCU implementation.
[    6.997891] kernel: rcu:         RCU restricting CPUs from NR_CPUS=8192 to nr_cpu_ids=4.
[    6.997902] kernel:         Trampoline variant of Tasks RCU enabled.
[    6.997912] kernel:         Rude variant of Tasks RCU enabled.
[    6.997923] kernel:         Tracing variant of Tasks RCU enabled.
[    6.997933] kernel: rcu: RCU calculated value of scheduler-enlistment delay is 100 jiffies.
[    6.997943] kernel: rcu: Adjusting geometry for rcu_fanout_leaf=16, nr_cpu_ids=4
[    6.997953] kernel: RCU Tasks: Setting shift to 2 and lim to 1 rcu_task_cb_adjust=1 rcu_task_cpu_ids=4.
[    6.997963] kernel: RCU Tasks Rude: Setting shift to 2 and lim to 1 rcu_task_cb_adjust=1 rcu_task_cpu_ids=4.
[    6.997976] kernel: RCU Tasks Trace: Setting shift to 2 and lim to 1 rcu_task_cb_adjust=1 rcu_task_cpu_ids=4.
[    6.997986] kernel: NR_IRQS: 524544, nr_irqs: 1000, preallocated irqs: 16
[    6.997996] kernel: rcu: srcu_init: Setting srcu_struct sizes based on contention.
[    6.998012] kernel: spurious 8259A interrupt: IRQ7.
[    6.998023] kernel: Console: colour dummy device 80x25
[    6.998033] kernel: printk: legacy console [tty0] enabled
[    6.998043] kernel: ACPI: Core revision 20250404
[    6.998053] kernel: clocksource: hpet: mask: 0xffffffff max_cycles: 0xffffffff, max_idle_ns: 133484873504 ns
[    6.998063] kernel: APIC: Switch to symmetric I/O mode setup
[    6.998076] kernel: AMD-Vi: Using global IVHD EFR:0x4f77ef22294ada, EFR2:0x0
[    6.998086] kernel: ..TIMER: vector=0x30 apic1=0 pin1=2 apic2=-1 pin2=-1
[    6.998097] kernel: clocksource: tsc-early: mask: 0xffffffffffffffff max_cycles: 0x325adb191ea, max_idle_ns: 440795287600 ns
[    6.998107] kernel: Calibrating delay loop (skipped), value calculated using timer frequency.. 6986.74 BogoMIPS (lpj=3493371)
[    6.998117] kernel: AMD Zen1 DIV0 bug detected. Disable SMT for full protection.
[    6.998127] kernel: SVM disabled (by BIOS) in MSR_VM_CR
[    6.998137] kernel: LVT offset 1 assigned for vector 0xf9
[    6.998147] kernel: LVT offset 2 assigned for vector 0xf4
[    6.998159] kernel: Last level iTLB entries: 4KB 1024, 2MB 1024, 4MB 512
[    6.998170] kernel: Last level dTLB entries: 4KB 1536, 2MB 1536, 4MB 768, 1GB 0
[    6.998180] kernel: process: using mwait in idle threads
[    6.998190] kernel: mitigations: Enabled attack vectors: user_kernel, user_user, guest_host, guest_guest, SMT mitigations: auto
[    6.998201] kernel: Speculative Store Bypass: Mitigation: Speculative Store Bypass disabled via prctl
[    6.998211] kernel: Spectre V2 : Mitigation: Retpolines
[    6.998221] kernel: RETBleed: Mitigation: untrained return thunk
[    6.998231] kernel: Speculative Return Stack Overflow: Mitigation: Safe RET
[    6.998241] kernel: VMSCAPE: Mitigation: IBPB before exit to userspace
[    6.998253] kernel: Spectre V1 : Mitigation: usercopy/swapgs barriers and __user pointer sanitization
[    6.998263] kernel: Spectre V2 : Spectre v2 / SpectreRSB: Filling RSB on context switch and VMEXIT
[    6.998273] kernel: Spectre V2 : Enabling Speculation Barrier for firmware calls
[    6.998284] kernel: active return thunk: retbleed_return_thunk
[    6.998294] kernel: Spectre V2 : mitigation: Enabling conditional Indirect Branch Prediction Barrier
[    6.998304] kernel: active return thunk: srso_return_thunk
[    6.998314] kernel: x86/fpu: Supporting XSAVE feature 0x001: 'x87 floating point registers'
[    6.998324] kernel: x86/fpu: Supporting XSAVE feature 0x002: 'SSE registers'
[    6.998336] kernel: x86/fpu: Supporting XSAVE feature 0x004: 'AVX registers'
[    6.998346] kernel: x86/fpu: xstate_offset[2]:  576, xstate_sizes[2]:  256
[    6.998357] kernel: x86/fpu: Enabled xstate features 0x7, context size is 832 bytes, using 'compacted' format.
[    6.998367] kernel: Freeing SMP alternatives memory: 52K
[    6.998377] kernel: pid_max: default: 32768 minimum: 301
[    6.998387] kernel: LSM: initializing lsm=lockdown,capability,landlock,yama,apparmor,ima,evm
[    6.998397] kernel: landlock: Up and running.
[    6.998407] kernel: Yama: becoming mindful.
[    6.998418] kernel: AppArmor: AppArmor initialized
[    6.998430] kernel: Mount-cache hash table entries: 16384 (order: 5, 131072 bytes, linear)
[    6.998440] kernel: Mountpoint-cache hash table entries: 16384 (order: 5, 131072 bytes, linear)
[    6.998450] kernel: smpboot: CPU0: AMD Athlon 3000G with Radeon Vega Graphics (family: 0x17, model: 0x18, stepping: 0x1)
[    6.998461] kernel: Performance Events: Fam17h+ core perfctr, AMD PMU driver.
[    6.998471] kernel: ... version:                0
[    6.998481] kernel: ... bit width:              48
[    6.998491] kernel: ... generic registers:      6
[    6.998501] kernel: ... value mask:             0000ffffffffffff
[    6.998511] kernel: ... max period:             00007fffffffffff
[    6.998523] kernel: ... fixed-purpose events:   0
[    6.998533] kernel: ... event mask:             000000000000003f
[    6.998543] kernel: signal: max sigframe size: 1776
[    6.998553] kernel: rcu: Hierarchical SRCU implementation.
[    6.998564] kernel: rcu:         Max phase no-delay instances is 400.
[    6.998575] kernel: Timer migration: 1 hierarchy levels; 8 children per group; 1 crossnode level
[    6.998585] kernel: NMI watchdog: Enabled. Permanently consumes one hw-PMU counter.
[    6.998595] kernel: smp: Bringing up secondary CPUs ...
[    6.998605] kernel: smpboot: x86: Booting SMP configuration:
[    6.998617] kernel: .... node  #0, CPUs:      #1 #2 #3
[    6.998628] kernel: VMSCAPE: SMT on, STIBP is required for full protection. See https://www.kernel.org/doc/html/latest/admin-guide/hw-vuln/vmscape.html for more details.
[    6.998639] kernel: smp: Brought up 1 node, 4 CPUs
[    6.998649] kernel: smpboot: Total of 4 processors activated (27946.96 BogoMIPS)
[    6.998659] kernel: Memory: 5904940K/6241792K available (22760K kernel code, 4660K rwdata, 16316K rodata, 5140K init, 4328K bss, 323048K reserved, 0K cma-reserved)
[    6.998669] kernel: devtmpfs: initialized
[    6.998679] kernel: x86/mm: Memory block size: 128MB
[    6.998689] kernel: ACPI: PM: Registering ACPI NVS region [mem 0x0a200000-0x0a20afff] (45056 bytes)
[    6.998701] kernel: ACPI: PM: Registering ACPI NVS region [mem 0x5bb7c000-0x5bf8cfff] (4263936 bytes)
[    6.998712] kernel: clocksource: jiffies: mask: 0xffffffff max_cycles: 0xffffffff, max_idle_ns: 1911260446275000 ns
[    6.998722] kernel: posixtimers hash table entries: 2048 (order: 3, 32768 bytes, linear)
[    6.998732] kernel: futex hash table entries: 1024 (65536 bytes on 1 NUMA nodes, total 64 KiB, linear).
[    6.998742] kernel: pinctrl core: initialized pinctrl subsystem
[    6.998752] kernel: PM: RTC time: 17:07:16, date: 2026-02-01
[    6.998762] kernel: NET: Registered PF_NETLINK/PF_ROUTE protocol family
[    6.998772] kernel: DMA: preallocated 1024 KiB GFP_KERNEL pool for atomic allocations
[    6.998782] kernel: DMA: preallocated 1024 KiB GFP_KERNEL|GFP_DMA pool for atomic allocations
[    6.998793] kernel: DMA: preallocated 1024 KiB GFP_KERNEL|GFP_DMA32 pool for atomic allocations
[    6.998805] kernel: audit: initializing netlink subsys (disabled)
[    6.998815] kernel: audit: type=2000 audit(1769965636.169:1): state=initialized audit_enabled=0 res=1
[    6.998825] kernel: thermal_sys: Registered thermal governor 'fair_share'
[    6.998835] kernel: thermal_sys: Registered thermal governor 'bang_bang'
[    6.998845] kernel: thermal_sys: Registered thermal governor 'step_wise'
[    6.998855] kernel: thermal_sys: Registered thermal governor 'user_space'
[    6.998865] kernel: thermal_sys: Registered thermal governor 'power_allocator'
[    6.998875] kernel: cpuidle: using governor ladder
[    6.998885] kernel: cpuidle: using governor menu
[    6.998897] kernel: acpiphp: ACPI Hot Plug PCI Controller Driver version: 0.5
[    6.998907] kernel: PCI: ECAM [mem 0xf8000000-0xfbffffff] (base 0xf8000000) for domain 0000 [bus 00-3f]
[    6.998917] kernel: PCI: Using configuration type 1 for base access
[    6.998927] kernel: mtrr: your CPUs had inconsistent variable MTRR settings
[    6.998937] kernel: mtrr: probably your BIOS does not setup all CPUs.
[    6.998948] kernel: mtrr: corrected configuration.
[    6.998958] kernel: kprobes: kprobe jump-optimization is enabled. All kprobes are optimized if possible.
[    6.998968] kernel: HugeTLB: allocation took 0ms with hugepage_allocation_threads=1
[    6.998978] kernel: HugeTLB: registered 1.00 GiB page size, pre-allocated 0 pages
[    6.998988] kernel: HugeTLB: 16380 KiB vmemmap can be freed for a 1.00 GiB page
[    6.999000] kernel: HugeTLB: registered 2.00 MiB page size, pre-allocated 0 pages
[    6.999014] kernel: HugeTLB: 28 KiB vmemmap can be freed for a 2.00 MiB page
[    6.999024] kernel: ACPI: Added _OSI(Module Device)
[    6.999034] kernel: ACPI: Added _OSI(Processor Device)
[    6.999044] kernel: ACPI: Added _OSI(Processor Aggregator Device)
[    6.999054] kernel: ACPI: 11 ACPI AML tables successfully acquired and loaded
[    6.999064] kernel: ACPI: [Firmware Bug]: BIOS _OSI(Linux) query ignored
[    6.999075] kernel: ACPI: Interpreter enabled
[    6.999085] kernel: ACPI: PM: (supports S0 S3 S4 S5)
[    6.999095] kernel: ACPI: Using IOAPIC for interrupt routing
[    6.999108] kernel: PCI: Using host bridge windows from ACPI; if necessary, use "pci=nocrs" and report a bug
[    6.999118] kernel: PCI: Using E820 reservations for host bridge windows
[    6.999129] kernel: ACPI: Enabled 2 GPEs in block 00 to 1F
[    6.999140] kernel: ACPI: PCI Root Bridge [PCI0] (domain 0000 [bus 00-ff])
[    6.999421] kernel: acpi PNP0A08:00: _OSC: OS supports [ExtendedConfig ASPM ClockPM Segments MSI EDR HPX-Type3]
[    6.999628] kernel: acpi PNP0A08:00: _OSC: platform does not support [SHPCHotplug LTR DPC]
[    6.999830] kernel: acpi PNP0A08:00: _OSC: OS now controls [PCIeHotplug PME AER PCIeCapability]
[    7.000046] kernel: acpi PNP0A08:00: [Firmware Info]: ECAM [mem 0xf8000000-0xfbffffff] for domain 0000 [bus 00-3f] only partially covers this bridge
[    7.000062] kernel: PCI host bridge to bus 0000:00
[    7.000245] kernel: pci_bus 0000:00: root bus resource [io  0x0000-0x03af window]
[    7.000424] kernel: pci_bus 0000:00: root bus resource [io  0x03e0-0x0cf7 window]
[    7.000599] kernel: pci_bus 0000:00: root bus resource [io  0x03b0-0x03df window]
[    7.000771] kernel: pci_bus 0000:00: root bus resource [io  0x0d00-0xffff window]
[    7.000943] kernel: pci_bus 0000:00: root bus resource [mem 0x000a0000-0x000dffff window]
[    7.001130] kernel: pci_bus 0000:00: root bus resource [mem 0xe0000000-0xfec2ffff window]
[    7.001303] kernel: pci_bus 0000:00: root bus resource [mem 0xfee00000-0xffffffff window]
[    7.001475] kernel: pci_bus 0000:00: root bus resource [bus 00-ff]
[    7.001694] kernel: pci 0000:00:00.0: [1022:15d0] type 00 class 0x060000 conventional PCI endpoint
[    7.001908] kernel: pci 0000:00:00.2: [1022:15d1] type 00 class 0x080600 conventional PCI endpoint
[    7.002133] kernel: pci 0000:00:01.0: [1022:1452] type 00 class 0x060000 conventional PCI endpoint
[    7.002346] kernel: pci 0000:00:01.2: [1022:15d3] type 01 class 0x060400 PCIe Root Port
[    7.002557] kernel: pci 0000:00:01.2: PCI bridge to [bus 01-06]
[    7.002761] kernel: pci 0000:00:01.2:   bridge window [io  0xf000-0xffff]
[    7.002967] kernel: pci 0000:00:01.2:   bridge window [mem 0xfce00000-0xfcffffff]
[    7.003235] kernel: pci 0000:00:01.2:   bridge window [mem 0xf0300000-0xf03fffff 64bit pref]
[    7.003465] kernel: pci 0000:00:01.2: enabling Extended Tags
[    7.003681] kernel: pci 0000:00:01.2: PME# supported from D0 D3hot D3cold
[    7.003941] kernel: pci 0000:00:08.0: [1022:1452] type 00 class 0x060000 conventional PCI endpoint
[    7.004199] kernel: pci 0000:00:08.1: [1022:15db] type 01 class 0x060400 PCIe Root Port
[    7.004477] kernel: pci 0000:00:08.1: PCI bridge to [bus 07]
[    7.004743] kernel: pci 0000:00:08.1:   bridge window [io  0xe000-0xefff]
[    7.004994] kernel: pci 0000:00:08.1:   bridge window [mem 0xfcb00000-0xfcdfffff]
[    7.005297] kernel: pci 0000:00:08.1:   bridge window [mem 0xe0000000-0xf01fffff 64bit pref]
[    7.005548] kernel: pci 0000:00:08.1: enabling Extended Tags
[    7.005779] kernel: pci 0000:00:08.1: PME# supported from D0 D3hot D3cold
[    7.006058] kernel: pci 0000:00:14.0: [1022:790b] type 00 class 0x0c0500 conventional PCI endpoint
[    7.006286] kernel: pci 0000:00:14.3: [1022:790e] type 00 class 0x060100 conventional PCI endpoint
[    7.006546] kernel: pci 0000:00:18.0: [1022:15e8] type 00 class 0x060000 conventional PCI endpoint
[    7.006789] kernel: pci 0000:00:18.1: [1022:15e9] type 00 class 0x060000 conventional PCI endpoint
[    7.007098] kernel: pci 0000:00:18.2: [1022:15ea] type 00 class 0x060000 conventional PCI endpoint
[    7.007359] kernel: pci 0000:00:18.3: [1022:15eb] type 00 class 0x060000 conventional PCI endpoint
[    7.007584] kernel: pci 0000:00:18.4: [1022:15ec] type 00 class 0x060000 conventional PCI endpoint
[    7.007801] kernel: pci 0000:00:18.5: [1022:15ed] type 00 class 0x060000 conventional PCI endpoint
[    7.008027] kernel: pci 0000:00:18.6: [1022:15ee] type 00 class 0x060000 conventional PCI endpoint
[    7.008255] kernel: pci 0000:00:18.7: [1022:15ef] type 00 class 0x060000 conventional PCI endpoint
[    7.008483] kernel: pci 0000:01:00.0: [1022:43bc] type 00 class 0x0c0330 PCIe Legacy Endpoint
[    7.008708] kernel: pci 0000:01:00.0: BAR 0 [mem 0xfcfa0000-0xfcfa7fff 64bit]
[    7.008936] kernel: pci 0000:01:00.0: enabling Extended Tags
[    7.009227] kernel: pci 0000:01:00.0: PME# supported from D3hot D3cold
[    7.009454] kernel: pci 0000:01:00.0: 15.752 Gb/s available PCIe bandwidth, limited by 8.0 GT/s PCIe x2 link at 0000:00:01.2 (capable of 31.504 Gb/s with 8.0 GT/s PCIe x4 link)
[    7.009679] kernel: pci 0000:01:00.1: [1022:43b8] type 00 class 0x010601 PCIe Legacy Endpoint
[    7.009904] kernel: pci 0000:01:00.1: BAR 5 [mem 0xfcf80000-0xfcf9ffff]
[    7.010142] kernel: pci 0000:01:00.1: ROM [mem 0xfcf00000-0xfcf7ffff pref]
[    7.010363] kernel: pci 0000:01:00.1: enabling Extended Tags
[    7.010585] kernel: pci 0000:01:00.1: PME# supported from D3hot D3cold
[    7.010813] kernel: pci 0000:01:00.2: [1022:43b3] type 01 class 0x060400 PCIe Switch Upstream Port
[    7.011045] kernel: pci 0000:01:00.2: PCI bridge to [bus 02-06]
[    7.011269] kernel: pci 0000:01:00.2:   bridge window [io  0xf000-0xffff]
[    7.011491] kernel: pci 0000:01:00.2:   bridge window [mem 0xfce00000-0xfcefffff]
[    7.011711] kernel: pci 0000:01:00.2:   bridge window [mem 0xf0300000-0xf03fffff 64bit pref]
[    7.011932] kernel: pci 0000:01:00.2: enabling Extended Tags
[    7.012161] kernel: pci 0000:01:00.2: PME# supported from D3hot D3cold
[    7.012383] kernel: pci 0000:00:01.2: PCI bridge to [bus 01-06]
[    7.012616] kernel: pci 0000:02:04.0: [1022:43b4] type 01 class 0x060400 PCIe Switch Downstream Port
[    7.012845] kernel: pci 0000:02:04.0: PCI bridge to [bus 03]
[    7.013081] kernel: pci 0000:02:04.0: enabling Extended Tags
[    7.013310] kernel: pci 0000:02:04.0: PME# supported from D3hot D3cold
[    7.013555] kernel: pci 0000:02:05.0: [1022:43b4] type 01 class 0x060400 PCIe Switch Downstream Port
[    7.013788] kernel: pci 0000:02:05.0: PCI bridge to [bus 04]
[    7.014034] kernel: pci 0000:02:05.0: enabling Extended Tags
[    7.014269] kernel: pci 0000:02:05.0: PME# supported from D3hot D3cold
[    7.014502] kernel: pci 0000:02:06.0: [1022:43b4] type 01 class 0x060400 PCIe Switch Downstream Port
[    7.014730] kernel: pci 0000:02:06.0: PCI bridge to [bus 05]
[    7.014968] kernel: pci 0000:02:06.0: enabling Extended Tags
[    7.015206] kernel: pci 0000:02:06.0: PME# supported from D3hot D3cold
[    7.015438] kernel: pci 0000:02:07.0: [1022:43b4] type 01 class 0x060400 PCIe Switch Downstream Port
[    7.015668] kernel: pci 0000:02:07.0: PCI bridge to [bus 06]
[    7.015898] kernel: pci 0000:02:07.0:   bridge window [io  0xf000-0xffff]
[    7.016139] kernel: pci 0000:02:07.0:   bridge window [mem 0xfce00000-0xfcefffff]
[    7.016368] kernel: pci 0000:02:07.0:   bridge window [mem 0xf0300000-0xf03fffff 64bit pref]
[    7.016602] kernel: pci 0000:02:07.0: enabling Extended Tags
[    7.016831] kernel: pci 0000:02:07.0: PME# supported from D3hot D3cold
[    7.017066] kernel: pci 0000:01:00.2: PCI bridge to [bus 02-06]
[    7.017299] kernel: pci 0000:02:04.0: PCI bridge to [bus 03]
[    7.017527] kernel: pci 0000:02:05.0: PCI bridge to [bus 04]
[    7.017755] kernel: pci 0000:02:06.0: PCI bridge to [bus 05]
[    7.017990] kernel: pci 0000:06:00.0: [10ec:8168] type 00 class 0x020000 PCIe Endpoint
[    7.018238] kernel: pci 0000:06:00.0: BAR 0 [io  0xf000-0xf0ff]
[    7.018474] kernel: pci 0000:06:00.0: BAR 2 [mem 0xfce00000-0xfce00fff 64bit]
[    7.018745] kernel: pci 0000:06:00.0: BAR 4 [mem 0xf0300000-0xf0303fff 64bit pref]
[    7.019024] kernel: pci 0000:06:00.0: supports D1 D2
[    7.019260] kernel: pci 0000:06:00.0: PME# supported from D0 D1 D2 D3hot D3cold
[    7.019518] kernel: pci 0000:02:07.0: PCI bridge to [bus 06]
[    7.019757] kernel: pci 0000:07:00.0: [1002:15d8] type 00 class 0x030000 PCIe Legacy Endpoint
[    7.019981] kernel: pci 0000:07:00.0: BAR 0 [mem 0xe0000000-0xefffffff 64bit pref]
[    7.020252] kernel: pci 0000:07:00.0: BAR 2 [mem 0xf0000000-0xf01fffff 64bit pref]
[    7.020507] kernel: pci 0000:07:00.0: BAR 4 [io  0xe000-0xe0ff]
[    7.020764] kernel: pci 0000:07:00.0: BAR 5 [mem 0xfcd00000-0xfcd7ffff]
[    7.021050] kernel: pci 0000:07:00.0: enabling Extended Tags
[    7.021323] kernel: pci 0000:07:00.0: Video device with shadowed ROM at [mem 0x000c0000-0x000dffff]
[    7.021586] kernel: pci 0000:07:00.0: PME# supported from D1 D2 D3hot D3cold
[    7.021852] kernel: pci 0000:07:00.1: [1002:15de] type 00 class 0x040300 PCIe Legacy Endpoint
[    7.022124] kernel: pci 0000:07:00.1: BAR 0 [mem 0xfcd88000-0xfcd8bfff]
[    7.022395] kernel: pci 0000:07:00.1: enabling Extended Tags
[    7.022618] kernel: pci 0000:07:00.1: PME# supported from D1 D2 D3hot D3cold
[    7.022875] kernel: pci 0000:07:00.2: [1022:15df] type 00 class 0x108000 PCIe Endpoint
[    7.023115] kernel: pci 0000:07:00.2: BAR 2 [mem 0xfcc00000-0xfccfffff]
[    7.023359] kernel: pci 0000:07:00.2: BAR 5 [mem 0xfcd8c000-0xfcd8dfff]
[    7.023602] kernel: pci 0000:07:00.2: enabling Extended Tags
[    7.023826] kernel: pci 0000:07:00.3: [1022:15e5] type 00 class 0x0c0330 PCIe Endpoint
[    7.024094] kernel: pci 0000:07:00.3: BAR 0 [mem 0xfcb00000-0xfcbfffff 64bit]
[    7.024320] kernel: pci 0000:07:00.3: enabling Extended Tags
[    7.024541] kernel: pci 0000:07:00.3: PME# supported from D0 D3hot D3cold
[    7.024764] kernel: pci 0000:07:00.6: [1022:15e3] type 00 class 0x040300 PCIe Endpoint
[    7.024991] kernel: pci 0000:07:00.6: BAR 0 [mem 0xfcd80000-0xfcd87fff]
[    7.025226] kernel: pci 0000:07:00.6: enabling Extended Tags
[    7.025452] kernel: pci 0000:07:00.6: PME# supported from D0 D3hot D3cold
[    7.025672] kernel: pci 0000:00:08.1: PCI bridge to [bus 07]
[    7.025689] kernel: ACPI: PCI: Interrupt link LNKA configured for IRQ 0
[    7.025701] kernel: ACPI: PCI: Interrupt link LNKB configured for IRQ 0
[    7.025713] kernel: ACPI: PCI: Interrupt link LNKC configured for IRQ 0
[    7.025724] kernel: ACPI: PCI: Interrupt link LNKD configured for IRQ 0
[    7.025736] kernel: ACPI: PCI: Interrupt link LNKE configured for IRQ 0
[    7.025751] kernel: ACPI: PCI: Interrupt link LNKF configured for IRQ 0
[    7.025763] kernel: ACPI: PCI: Interrupt link LNKG configured for IRQ 0
[    7.025775] kernel: ACPI: PCI: Interrupt link LNKH configured for IRQ 0
[    7.025786] kernel: iommu: Default domain type: Translated
[    7.025798] kernel: iommu: DMA domain TLB invalidation policy: lazy mode
[    7.025809] kernel: SCSI subsystem initialized
[    7.025821] kernel: libata version 3.00 loaded.
[    7.025832] kernel: ACPI: bus type USB registered
[    7.025843] kernel: usbcore: registered new interface driver usbfs
[    7.025854] kernel: usbcore: registered new interface driver hub
[    7.025868] kernel: usbcore: registered new device driver usb
[    7.025878] kernel: pps_core: LinuxPPS API ver. 1 registered
[    7.025890] kernel: pps_core: Software ver. 5.3.6 - Copyright 2005-2007 Rodolfo Giometti <giometti@linux.it>
[    7.025901] kernel: PTP clock support registered
[    7.025911] kernel: EDAC MC: Ver: 3.0.0
[    7.025922] kernel: NetLabel: Initializing
[    7.025934] kernel: NetLabel:  domain hash size = 128
[    7.025945] kernel: NetLabel:  protocols = UNLABELED CIPSOv4 CALIPSO
[    7.025957] kernel: NetLabel:  unlabeled traffic allowed by default
[    7.025969] kernel: mctp: management component transport protocol core
[    7.025980] kernel: NET: Registered PF_MCTP protocol family
[    7.025993] kernel: PCI: Using ACPI for IRQ routing
[    7.026012] kernel: PCI: pci_cache_line_size set to 64 bytes
[    7.026024] kernel: resource: Expanded resource Reserved due to conflict with PCI Bus 0000:00
[    7.026038] kernel: e820: reserve RAM buffer [mem 0x0009d400-0x0009ffff]
[    7.026050] kernel: e820: reserve RAM buffer [mem 0x09e02000-0x0bffffff]
[    7.026061] kernel: e820: reserve RAM buffer [mem 0x0a200000-0x0bffffff]
[    7.026073] kernel: e820: reserve RAM buffer [mem 0x0b000000-0x0bffffff]
[    7.026085] kernel: e820: reserve RAM buffer [mem 0x5b8e5000-0x5bffffff]
[    7.026096] kernel: e820: reserve RAM buffer [mem 0x5bb7c000-0x5bffffff]
[    7.026108] kernel: e820: reserve RAM buffer [mem 0x5f000000-0x5fffffff]
[    7.026122] kernel: e820: reserve RAM buffer [mem 0x21f340000-0x21fffffff]
[    7.026346] kernel: pci 0000:07:00.0: vgaarb: setting as boot VGA device
[    7.026566] kernel: pci 0000:07:00.0: vgaarb: bridge control possible
[    7.026792] kernel: pci 0000:07:00.0: vgaarb: VGA device added: decodes=io+mem,owns=io+mem,locks=none
[    7.026808] kernel: vgaarb: loaded
[    7.026820] kernel: hpet0: at MMIO 0xfed00000, IRQs 2, 8, 0
[    7.026831] kernel: hpet0: 3 comparators, 32-bit 14.318180 MHz counter
[    7.026843] kernel: clocksource: Switched to clocksource tsc-early
[    7.026857] kernel: VFS: Disk quotas dquot_6.6.0
[    7.026869] kernel: VFS: Dquot-cache hash table entries: 512 (order 0, 4096 bytes)
[    7.026881] kernel: AppArmor: AppArmor Filesystem Enabled
[    7.026892] kernel: pnp: PnP ACPI init
[    7.027105] kernel: system 00:00: [mem 0xf8000000-0xfbffffff] has been reserved
[    7.027359] kernel: system 00:01: [mem 0x60000000-0xdfffffff window] has been reserved
[    7.027597] kernel: system 00:03: [io  0x0a00-0x0a2f] has been reserved
[    7.027826] kernel: system 00:03: [io  0x0a30-0x0a3f] has been reserved
[    7.028084] kernel: system 00:03: [io  0x0a40-0x0a4f] has been reserved
[    7.028279] kernel: system 00:04: [io  0x04d0-0x04d1] has been reserved
[    7.028495] kernel: system 00:04: [io  0x040b] has been reserved
[    7.028714] kernel: system 00:04: [io  0x04d6] has been reserved
[    7.028935] kernel: system 00:04: [io  0x0c00-0x0c01] has been reserved
[    7.029161] kernel: system 00:04: [io  0x0c14] has been reserved
[    7.029352] kernel: system 00:04: [io  0x0c50-0x0c51] has been reserved
[    7.029585] kernel: system 00:04: [io  0x0c52] has been reserved
[    7.029777] kernel: system 00:04: [io  0x0c6c] has been reserved
[    7.029964] kernel: system 00:04: [io  0x0c6f] has been reserved
[    7.030160] kernel: system 00:04: [io  0x0cd0-0x0cd1] has been reserved
[    7.030348] kernel: system 00:04: [io  0x0cd2-0x0cd3] has been reserved
[    7.030535] kernel: system 00:04: [io  0x0cd4-0x0cd5] has been reserved
[    7.030765] kernel: system 00:04: [io  0x0cd6-0x0cd7] has been reserved
[    7.030957] kernel: system 00:04: [io  0x0cd8-0x0cdf] has been reserved
[    7.031170] kernel: system 00:04: [io  0x0800-0x089f] has been reserved
[    7.031397] kernel: system 00:04: [io  0x0b00-0x0b0f] has been reserved
[    7.031610] kernel: system 00:04: [io  0x0b20-0x0b3f] has been reserved
[    7.031800] kernel: system 00:04: [io  0x0900-0x090f] has been reserved
[    7.032056] kernel: system 00:04: [io  0x0910-0x091f] has been reserved
[    7.032260] kernel: system 00:04: [mem 0xfec00000-0xfec00fff] could not be reserved
[    7.032450] kernel: system 00:04: [mem 0xfec01000-0xfec01fff] could not be reserved
[    7.032652] kernel: system 00:04: [mem 0xfedc0000-0xfedc0fff] has been reserved
[    7.032851] kernel: system 00:04: [mem 0xfee00000-0xfee00fff] has been reserved
[    7.033107] kernel: system 00:04: [mem 0xfed80000-0xfed8ffff] could not be reserved
[    7.033302] kernel: system 00:04: [mem 0xfec10000-0xfec10fff] has been reserved
[    7.033491] kernel: system 00:04: [mem 0xff000000-0xffffffff] has been reserved
[    7.033506] kernel: pnp: PnP ACPI: found 5 devices
[    7.033518] kernel: clocksource: acpi_pm: mask: 0xffffff max_cycles: 0xffffff, max_idle_ns: 2085701024 ns
[    7.033530] kernel: NET: Registered PF_INET protocol family
[    7.033542] kernel: IP idents hash table entries: 131072 (order: 8, 1048576 bytes, linear)
[    7.033558] kernel: tcp_listen_portaddr_hash hash table entries: 4096 (order: 4, 65536 bytes, linear)
[    7.033570] kernel: Table-perturb hash table entries: 65536 (order: 6, 262144 bytes, linear)
[    7.033581] kernel: TCP established hash table entries: 65536 (order: 7, 524288 bytes, linear)
[    7.033593] kernel: TCP bind hash table entries: 65536 (order: 9, 2097152 bytes, linear)
[    7.033605] kernel: TCP: Hash tables configured (established 65536 bind 65536)
[    7.033616] kernel: MPTCP token hash table entries: 8192 (order: 5, 196608 bytes, linear)
[    7.033637] kernel: UDP hash table entries: 4096 (order: 6, 262144 bytes, linear)
[    7.033651] kernel: UDP-Lite hash table entries: 4096 (order: 6, 262144 bytes, linear)
[    7.033662] kernel: NET: Registered PF_UNIX/PF_LOCAL protocol family
[    7.033677] kernel: NET: Registered PF_XDP protocol family
[    7.033968] kernel: pci 0000:02:04.0: PCI bridge to [bus 03]
[    7.034244] kernel: pci 0000:02:05.0: PCI bridge to [bus 04]
[    7.034481] kernel: pci 0000:02:06.0: PCI bridge to [bus 05]
[    7.034750] kernel: pci 0000:02:07.0: PCI bridge to [bus 06]
[    7.034982] kernel: pci 0000:02:07.0:   bridge window [io  0xf000-0xffff]
[    7.035264] kernel: pci 0000:02:07.0:   bridge window [mem 0xfce00000-0xfcefffff]
[    7.035509] kernel: pci 0000:02:07.0:   bridge window [mem 0xf0300000-0xf03fffff 64bit pref]
[    7.035763] kernel: pci 0000:01:00.2: PCI bridge to [bus 02-06]
[    7.035988] kernel: pci 0000:01:00.2:   bridge window [io  0xf000-0xffff]
[    7.036230] kernel: pci 0000:01:00.2:   bridge window [mem 0xfce00000-0xfcefffff]
[    7.036451] kernel: pci 0000:01:00.2:   bridge window [mem 0xf0300000-0xf03fffff 64bit pref]
[    7.036669] kernel: pci 0000:00:01.2: PCI bridge to [bus 01-06]
[    7.036887] kernel: pci 0000:00:01.2:   bridge window [io  0xf000-0xffff]
[    7.037109] kernel: pci 0000:00:01.2:   bridge window [mem 0xfce00000-0xfcffffff]
[    7.037325] kernel: pci 0000:00:01.2:   bridge window [mem 0xf0300000-0xf03fffff 64bit pref]
[    7.037545] kernel: pci 0000:00:08.1: PCI bridge to [bus 07]
[    7.037761] kernel: pci 0000:00:08.1:   bridge window [io  0xe000-0xefff]
[    7.037980] kernel: pci 0000:00:08.1:   bridge window [mem 0xfcb00000-0xfcdfffff]
[    7.038242] kernel: pci 0000:00:08.1:   bridge window [mem 0xe0000000-0xf01fffff 64bit pref]
[    7.038458] kernel: pci_bus 0000:00: resource 4 [io  0x0000-0x03af window]
[    7.038644] kernel: pci_bus 0000:00: resource 5 [io  0x03e0-0x0cf7 window]
[    7.038864] kernel: pci_bus 0000:00: resource 6 [io  0x03b0-0x03df window]
[    7.039088] kernel: pci_bus 0000:00: resource 7 [io  0x0d00-0xffff window]
[    7.039289] kernel: pci_bus 0000:00: resource 8 [mem 0x000a0000-0x000dffff window]
[    7.039475] kernel: pci_bus 0000:00: resource 9 [mem 0xe0000000-0xfec2ffff window]
[    7.039701] kernel: pci_bus 0000:00: resource 10 [mem 0xfee00000-0xffffffff window]
[    7.039910] kernel: pci_bus 0000:01: resource 0 [io  0xf000-0xffff]
[    7.040149] kernel: pci_bus 0000:01: resource 1 [mem 0xfce00000-0xfcffffff]
[    7.040342] kernel: pci_bus 0000:01: resource 2 [mem 0xf0300000-0xf03fffff 64bit pref]
[    7.040543] kernel: pci_bus 0000:02: resource 0 [io  0xf000-0xffff]
[    7.040738] kernel: pci_bus 0000:02: resource 1 [mem 0xfce00000-0xfcefffff]
[    7.040975] kernel: pci_bus 0000:02: resource 2 [mem 0xf0300000-0xf03fffff 64bit pref]
[    7.041191] kernel: pci_bus 0000:06: resource 0 [io  0xf000-0xffff]
[    7.041398] kernel: pci_bus 0000:06: resource 1 [mem 0xfce00000-0xfcefffff]
[    7.041636] kernel: pci_bus 0000:06: resource 2 [mem 0xf0300000-0xf03fffff 64bit pref]
[    7.041830] kernel: pci_bus 0000:07: resource 0 [io  0xe000-0xefff]
[    7.042029] kernel: pci_bus 0000:07: resource 1 [mem 0xfcb00000-0xfcdfffff]
[    7.042221] kernel: pci_bus 0000:07: resource 2 [mem 0xe0000000-0xf01fffff 64bit pref]
[    7.042447] kernel: pci 0000:07:00.1: D0 power state depends on 0000:07:00.0
[    7.042464] kernel: PCI: CLS 64 bytes, default 64
[    7.042683] kernel: pci 0000:00:00.2: AMD-Vi: IOMMU performance counters supported
[    7.042700] kernel: Trying to unpack rootfs image as initramfs...
[    7.042940] kernel: pci 0000:00:01.0: Adding to iommu group 0
[    7.043194] kernel: pci 0000:00:01.2: Adding to iommu group 1
[    7.043411] kernel: pci 0000:00:08.0: Adding to iommu group 2
[    7.043669] kernel: pci 0000:00:08.1: Adding to iommu group 3
[    7.043929] kernel: pci 0000:00:14.0: Adding to iommu group 4
[    7.044212] kernel: pci 0000:00:14.3: Adding to iommu group 4
[    7.044438] kernel: pci 0000:00:18.0: Adding to iommu group 5
[    7.044656] kernel: pci 0000:00:18.1: Adding to iommu group 5
[    7.044873] kernel: pci 0000:00:18.2: Adding to iommu group 5
[    7.045110] kernel: pci 0000:00:18.3: Adding to iommu group 5
[    7.045343] kernel: pci 0000:00:18.4: Adding to iommu group 5
[    7.045584] kernel: pci 0000:00:18.5: Adding to iommu group 5
[    7.045802] kernel: pci 0000:00:18.6: Adding to iommu group 5
[    7.046032] kernel: pci 0000:00:18.7: Adding to iommu group 5
[    7.046259] kernel: pci 0000:01:00.0: Adding to iommu group 6
[    7.046495] kernel: pci 0000:01:00.1: Adding to iommu group 6
[    7.046762] kernel: pci 0000:01:00.2: Adding to iommu group 6
[    7.046994] kernel: pci 0000:02:04.0: Adding to iommu group 6
[    7.047243] kernel: pci 0000:02:05.0: Adding to iommu group 6
[    7.047477] kernel: pci 0000:02:06.0: Adding to iommu group 6
[    7.047708] kernel: pci 0000:02:07.0: Adding to iommu group 6
[    7.047949] kernel: pci 0000:06:00.0: Adding to iommu group 6
[    7.048196] kernel: pci 0000:07:00.0: Adding to iommu group 7
[    7.048418] kernel: pci 0000:07:00.1: Adding to iommu group 8
[    7.048643] kernel: pci 0000:07:00.2: Adding to iommu group 8
[    7.048868] kernel: pci 0000:07:00.3: Adding to iommu group 8
[    7.049098] kernel: pci 0000:07:00.6: Adding to iommu group 8
[    7.049115] kernel: AMD-Vi: Extended features (0x4f77ef22294ada, 0x0): PPR NX GT IA GA PC GA_vAPIC
[    7.049127] kernel: AMD-Vi: Interrupt remapping enabled
[    7.049139] kernel: AMD-Vi: Virtual APIC enabled
[    7.049155] kernel: PCI-DMA: Using software bounce buffering for IO (SWIOTLB)
[    7.049166] kernel: software IO TLB: mapped [mem 0x00000000578e5000-0x000000005b8e5000] (64MB)
[    7.049178] kernel: perf/amd_iommu: Detected AMD IOMMU #0 (2 banks, 4 counters/bank).
[    7.049189] kernel: Initialise system trusted keyrings
[    7.049201] kernel: Key type blacklist registered
[    7.049214] kernel: workingset: timestamp_bits=36 max_order=21 bucket_order=0
[    7.049225] kernel: squashfs: version 4.0 (2009/01/31) Phillip Lougher
[    7.049236] kernel: fuse: init (API version 7.44)
[    7.049248] kernel: integrity: Platform Keyring initialized
[    7.049262] kernel: integrity: Machine keyring initialized
[    7.049273] kernel: Key type asymmetric registered
[    7.049285] kernel: Asymmetric key parser 'x509' registered
[    7.049297] kernel: Block layer SCSI generic (bsg) driver version 0.4 loaded (major 242)
[    7.049308] kernel: io scheduler mq-deadline registered
[    7.049320] kernel: ledtrig-cpu: registered to indicate activity on CPUs
[    7.049535] kernel: pcieport 0000:00:01.2: PME: Signaling with IRQ 26
[    7.049751] kernel: pcieport 0000:00:01.2: AER: enabled with IRQ 26
[    7.049973] kernel: pcieport 0000:00:08.1: PME: Signaling with IRQ 27
[    7.049991] kernel: input: Power Button as /devices/LNXSYSTM:00/LNXSYBUS:00/PNP0C0C:00/input/input0
[    7.050008] kernel: ACPI: button: Power Button [PWRB]
[    7.050020] kernel: input: Power Button as /devices/LNXSYSTM:00/LNXPWRBN:00/input/input1
[    7.050032] kernel: ACPI: button: Power Button [PWRF]
[    7.050044] kernel: Monitor-Mwait will be used to enter C-1 state
[    7.050056] kernel: Could not retrieve perf counters (-19)
[    7.050068] kernel: Freeing initrd memory: 88616K
[    7.050083] kernel: tsc: Refined TSC clocksource calibration: 3493.436 MHz
[    7.050094] kernel: clocksource: tsc: mask: 0xffffffffffffffff max_cycles: 0x325b186289d, max_idle_ns: 440795326624 ns
[    7.050106] kernel: clocksource: Switched to clocksource tsc
[    7.050118] kernel: ACPI: \_TZ_.TZ10: _PSL evaluation failure
[    7.050341] kernel: thermal LNXTHERM:00: registered as thermal_zone0
[    7.050359] kernel: ACPI: thermal: Thermal Zone [TZ10] (17 C)
[    7.050371] kernel: Serial: 8250/16550 driver, 32 ports, IRQ sharing enabled
[    7.050382] kernel: Linux agpgart interface v0.103
[    7.050396] kernel: loop: module loaded
[    7.050408] kernel: ACPI: bus type drm_connector registered
[    7.050420] kernel: tun: Universal TUN/TAP device driver, 1.6
[    7.050432] kernel: PPP generic driver version 2.4.2
[    7.050652] kernel: xhci_hcd 0000:01:00.0: xHCI Host Controller
[    7.050874] kernel: xhci_hcd 0000:01:00.0: new USB bus registered, assigned bus number 1
[    7.051108] kernel: xhci_hcd 0000:01:00.0: hcc params 0x0200ef81 hci version 0x110 quirks 0x0000000008000010
[    7.051331] kernel: xhci_hcd 0000:01:00.0: xHCI Host Controller
[    7.051552] kernel: xhci_hcd 0000:01:00.0: new USB bus registered, assigned bus number 2
[    7.051778] kernel: xhci_hcd 0000:01:00.0: Host supports USB 3.1 Enhanced SuperSpeed
[    7.052032] kernel: usb usb1: New USB device found, idVendor=1d6b, idProduct=0002, bcdDevice= 6.17
[    7.052246] kernel: usb usb1: New USB device strings: Mfr=3, Product=2, SerialNumber=1
[    7.052451] kernel: usb usb1: Product: xHCI Host Controller
[    7.052663] kernel: usb usb1: Manufacturer: Linux 6.17.0-8-generic xhci-hcd
[    7.052869] kernel: usb usb1: SerialNumber: 0000:01:00.0
[    7.053145] kernel: hub 1-0:1.0: USB hub found
[    7.053393] kernel: hub 1-0:1.0: 9 ports detected
[    7.053669] kernel: usb usb2: We don't know the algorithms for LPM for this host, disabling LPM.
[    7.053882] kernel: usb usb2: New USB device found, idVendor=1d6b, idProduct=0003, bcdDevice= 6.17
[    7.054095] kernel: usb usb2: New USB device strings: Mfr=3, Product=2, SerialNumber=1
[    7.054305] kernel: usb usb2: Product: xHCI Host Controller
[    7.054506] kernel: usb usb2: Manufacturer: Linux 6.17.0-8-generic xhci-hcd
[    7.054710] kernel: usb usb2: SerialNumber: 0000:01:00.0
[    7.054955] kernel: hub 2-0:1.0: USB hub found
[    7.055210] kernel: hub 2-0:1.0: 3 ports detected
[    7.055435] kernel: xhci_hcd 0000:07:00.3: xHCI Host Controller
[    7.055658] kernel: xhci_hcd 0000:07:00.3: new USB bus registered, assigned bus number 3
[    7.055882] kernel: xhci_hcd 0000:07:00.3: hcc params 0x0278ffe5 hci version 0x110 quirks 0x0004004000000090
[    7.056121] kernel: xhci_hcd 0000:07:00.3: xHCI Host Controller
[    7.056344] kernel: xhci_hcd 0000:07:00.3: new USB bus registered, assigned bus number 4
[    7.056573] kernel: xhci_hcd 0000:07:00.3: Host supports USB 3.1 Enhanced SuperSpeed
[    7.056785] kernel: usb usb3: New USB device found, idVendor=1d6b, idProduct=0002, bcdDevice= 6.17
[    7.056990] kernel: usb usb3: New USB device strings: Mfr=3, Product=2, SerialNumber=1
[    7.057209] kernel: usb usb3: Product: xHCI Host Controller
[    7.057416] kernel: usb usb3: Manufacturer: Linux 6.17.0-8-generic xhci-hcd
[    7.057620] kernel: usb usb3: SerialNumber: 0000:07:00.3
[    7.057864] kernel: hub 3-0:1.0: USB hub found
[    7.058125] kernel: hub 3-0:1.0: 6 ports detected
[    7.058432] kernel: usb usb4: We don't know the algorithms for LPM for this host, disabling LPM.
[    7.058667] kernel: usb usb4: New USB device found, idVendor=1d6b, idProduct=0003, bcdDevice= 6.17
[    7.058913] kernel: usb usb4: New USB device strings: Mfr=3, Product=2, SerialNumber=1
[    7.059147] kernel: usb usb4: Product: xHCI Host Controller
[    7.059349] kernel: usb usb4: Manufacturer: Linux 6.17.0-8-generic xhci-hcd
[    7.059555] kernel: usb usb4: SerialNumber: 0000:07:00.3
[    7.059807] kernel: hub 4-0:1.0: USB hub found
[    7.060069] kernel: hub 4-0:1.0: 4 ports detected
[    7.060087] kernel: i8042: PNP: No PS/2 controller found.
[    7.060107] kernel: mousedev: PS/2 mouse device common for all mice
[    7.060321] kernel: rtc_cmos 00:02: RTC can wake from S4
[    7.060513] kernel: rtc_cmos 00:02: registered as rtc0
[    7.060702] kernel: rtc_cmos 00:02: setting system clock to 2026-02-01T17:07:18 UTC (1769965638)
[    7.060891] kernel: rtc_cmos 00:02: alarms up to one month, y3k, 114 bytes nvram, hpet irqs
[    7.060910] kernel: i2c_dev: i2c /dev entries driver
[    7.060923] kernel: device-mapper: core: CONFIG_IMA_DISABLE_HTABLE is disabled. Duplicate IMA measurements will not be recorded in the IMA log.
[    7.060934] kernel: device-mapper: uevent: version 1.0.3
[    7.060946] kernel: device-mapper: ioctl: 4.50.0-ioctl (2025-04-28) initialised: dm-devel@lists.linux.dev
[    7.061182] kernel: simple-framebuffer simple-framebuffer.0: [drm] Registered 1 planes with drm panic
[    7.061199] kernel: [drm] Initialized simpledrm 1.0.0 for simple-framebuffer.0 on minor 0
[    7.061211] kernel: fbcon: Deferring console take-over
[    7.061428] kernel: simple-framebuffer simple-framebuffer.0: [drm] fb0: simpledrmdrmfb frame buffer device
[    7.061446] kernel: drop_monitor: Initializing network drop monitor service
[    7.061457] kernel: NET: Registered PF_INET6 protocol family
[    7.061469] kernel: Segment Routing with IPv6
[    7.061480] kernel: In-situ OAM (IOAM) with IPv6
[    7.061491] kernel: NET: Registered PF_PACKET protocol family
[    7.061503] kernel: Key type dns_resolver registered
[    7.061514] kernel: x86/amd: Previous system reset reason [0x00200800]: ACPI power state transition occurred
[    7.061526] kernel: microcode: Current revision: 0x08108109
[    7.061540] kernel: IPI shorthand broadcast: enabled
[    7.061552] kernel: sched_clock: Marking stable (2573001090, 362364)->(2612840421, -39476967)
[    7.061563] kernel: registered taskstats version 1
[    7.061575] kernel: Loading compiled-in X.509 certificates
[    7.061586] kernel: Loaded X.509 cert 'Build time autogenerated kernel key: 8d7af9b004fb468421e0da6136c8bc9a04377871'
[    7.061598] kernel: Loaded X.509 cert 'Canonical Ltd. Live Patch Signing 2025 Kmod: d541cef61dc7e793b7eb7e899970a2eef0b5dc8c'
[    7.061610] kernel: Loaded X.509 cert 'Canonical Ltd. Live Patch Signing: 14df34d1a87cf37625abec039ef2bf521249b969'
[    7.061621] kernel: Loaded X.509 cert 'Canonical Ltd. Kernel Module Signing: 88f752e560a1e0737e31163a466ad7b70a850c19'
[    7.061635] kernel: blacklist: Loading compiled-in revocation X.509 certificates
[    7.061647] kernel: Loaded X.509 cert 'Canonical Ltd. Secure Boot Signing: 61482aa2830d0ab2ad5af10b7250da9033ddcef0'
[    7.061659] kernel: Loaded X.509 cert 'Canonical Ltd. Secure Boot Signing (2017): 242ade75ac4a15e50d50c84b0d45ff3eae707a03'
[    7.061671] kernel: Loaded X.509 cert 'Canonical Ltd. Secure Boot Signing (ESM 2018): 365188c1d374d6b07c3c8f240f8ef722433d6a8b'
[    7.061683] kernel: Loaded X.509 cert 'Canonical Ltd. Secure Boot Signing (2019): c0746fd6c5da3ae827864651ad66ae47fe24b3e8'
[    7.061695] kernel: Loaded X.509 cert 'Canonical Ltd. Secure Boot Signing (2021 v1): a8d54bbb3825cfb94fa13c9f8a594a195c107b8d'
[    7.061706] kernel: Loaded X.509 cert 'Canonical Ltd. Secure Boot Signing (2021 v2): 4cf046892d6fd3c9a5b03f98d845f90851dc6a8c'
[    7.061718] kernel: Loaded X.509 cert 'Canonical Ltd. Secure Boot Signing (2021 v3): 100437bb6de6e469b581e61cd66bce3ef4ed53af'
[    7.061732] kernel: Loaded X.509 cert 'Canonical Ltd. Secure Boot Signing (Ubuntu Core 2019): c1d57b8f6b743f23ee41f4f7ee292f06eecadfb9'
[    7.061744] kernel: Demotion targets for Node 0: null
[    7.061755] kernel: Key type .fscrypt registered
[    7.061766] kernel: Key type fscrypt-provisioning registered
[    7.061778] kernel: Key type big_key registered
[    7.061789] kernel: Key type encrypted registered
[    7.061801] kernel: AppArmor: AppArmor sha256 policy hashing enabled
[    7.061812] kernel: ima: No TPM chip found, activating TPM-bypass!
[    7.061824] kernel: Loading compiled-in module X.509 certificates
[    7.061838] kernel: Loaded X.509 cert 'Build time autogenerated kernel key: 8d7af9b004fb468421e0da6136c8bc9a04377871'
[    7.061849] kernel: ima: Allocated hash algorithm: sha256
[    7.061860] kernel: ima: No architecture policies found
[    7.061872] kernel: evm: Initialising EVM extended attributes:
[    7.061883] kernel: evm: security.selinux
[    7.061903] kernel: evm: security.SMACK64
[    7.061914] kernel: evm: security.SMACK64EXEC
[    7.061926] kernel: evm: security.SMACK64TRANSMUTE
[    7.061943] kernel: evm: security.SMACK64MMAP
[    7.061958] kernel: evm: security.apparmor
[    7.061972] kernel: evm: security.ima
[    7.061985] kernel: evm: security.capability
[    7.061996] kernel: evm: HMAC attrs: 0x1
[    7.062015] kernel: PM:   Magic number: 14:915:136
[    7.062034] kernel: usb usb4-port1: hash matches
[    7.062268] kernel: acpi PNP0C02:08: hash matches
[    7.062285] kernel: acpi_cpufreq: overriding BIOS provided _PSD data
[    7.062297] kernel: RAS: Correctable Errors collector initialized.
[    7.062312] kernel: clk: Disabling unused clocks
[    7.062324] kernel: PM: genpd: Disabling unused power domains
[    7.062335] kernel: Freeing unused decrypted memory: 2028K
[    7.062347] kernel: Freeing unused kernel image (initmem) memory: 5140K
[    7.062358] kernel: Write protecting the kernel read-only data: 40960k
[    7.062369] kernel: Freeing unused kernel image (text/rodata gap) memory: 1812K
[    7.062381] kernel: Freeing unused kernel image (rodata/data gap) memory: 68K
[    7.062392] kernel: x86/mm: Checked W+X mappings: passed, no W+X pages found.
[    7.062404] kernel: Run /init as init process
[    7.062417] kernel:   with arguments:
[    7.062429] kernel:     /init
[    7.062440] kernel:     splash
[    7.062452] kernel:   with environment:
[    7.062463] kernel:     HOME=/
[    7.062474] kernel:     TERM=linux
[    7.062486] kernel:     BOOT_IMAGE=/boot/vmlinuz-6.17.0-8-generic
[    7.062764] kernel: usb 3-2: new full-speed USB device number 2 using xhci_hcd
[    7.063061] kernel: usb 1-4: new full-speed USB device number 2 using xhci_hcd
[    7.063080] kernel: ACPI: video: Video Device [VGA1] (multi-head: yes  rom: no  post: no)
[    7.063091] kernel: input: Video Bus as /devices/LNXSYSTM:00/LNXSYBUS:00/PNP0A08:00/device:0f/LNXVIDEO:01/input/input2
[    7.063375] kernel: ahci 0000:01:00.1: SSS flag set, parallel bus scan disabled
[    7.063617] kernel: ahci 0000:01:00.1: AHCI vers 0001.0301, 32 command slots, 6 Gbps, SATA mode
[    7.063874] kernel: ahci 0000:01:00.1: 4/8 ports implemented (port mask 0x33)
[    7.064110] kernel: ahci 0000:01:00.1: flags: 64bit ncq sntf stag pm led clo only pmp pio slum part sxs deso sadm sds apst 
[    7.064353] kernel: scsi host0: ahci
[    7.064574] kernel: scsi host1: ahci
[    7.064786] kernel: scsi host2: ahci
[    7.064997] kernel: scsi host3: ahci
[    7.065234] kernel: scsi host4: ahci
[    7.065445] kernel: scsi host5: ahci
[    7.065674] kernel: scsi host6: ahci
[    7.065895] kernel: scsi host7: ahci
[    7.065912] kernel: ata1: SATA max UDMA/133 abar m131072@0xfcf80000 port 0xfcf80100 irq 47 lpm-pol 3
[    7.065924] kernel: ata2: SATA max UDMA/133 abar m131072@0xfcf80000 port 0xfcf80180 irq 47 lpm-pol 3
[    7.065936] kernel: ata3: DUMMY
[    7.065947] kernel: ata4: DUMMY
[    7.065959] kernel: ata5: SATA max UDMA/133 abar m131072@0xfcf80000 port 0xfcf80300 irq 47 lpm-pol 3
[    7.065970] kernel: ata6: SATA max UDMA/133 abar m131072@0xfcf80000 port 0xfcf80380 irq 47 lpm-pol 3
[    7.065982] kernel: ata7: DUMMY
[    7.065996] kernel: ata8: DUMMY
[    7.066254] kernel: usb 3-2: New USB device found, idVendor=062a, idProduct=4c01, bcdDevice= 1.08
[    7.066527] kernel: usb 3-2: New USB device strings: Mfr=1, Product=2, SerialNumber=0
[    7.066786] kernel: usb 3-2: Product: 2.4G Keyboard Mouse
[    7.067051] kernel: usb 3-2: Manufacturer: MOSART Semi.
[    7.067370] kernel: r8169 0000:06:00.0 eth0: RTL8168g/8111g, IP_OCULTO, XID 4c0, IRQ 48
[    7.067664] kernel: r8169 0000:06:00.0 eth0: jumbo features [frames: 9194 bytes, tx checksumming: ko]
[    7.068066] kernel: usb 4-1: new SuperSpeed USB device number 2 using xhci_hcd
[    7.068354] kernel: usb 4-1: New USB device found, idVendor=0951, idProduct=1666, bcdDevice= 1.10
[    7.068610] kernel: usb 4-1: New USB device strings: Mfr=2, Product=3, SerialNumber=4
[    7.068870] kernel: usb 4-1: Product: DataTraveler 3.0
[    7.069159] kernel: usb 4-1: Manufacturer: Kingston
[    7.069386] kernel: usb 4-1: SerialNumber: E0D55EA5741F17416951050D
[    7.069635] kernel: usb-storage 4-1:1.0: USB Mass Storage device detected
[    7.069874] kernel: scsi host8: usb-storage 4-1:1.0
[    7.069891] kernel: usbcore: registered new interface driver usb-storage
[    7.070189] kernel: usb 3-3: new low-speed USB device number 3 using xhci_hcd
[    7.070403] kernel: usb 1-4: New USB device found, idVendor=0a12, idProduct=0001, bcdDevice=88.91
[    7.070604] kernel: usb 1-4: New USB device strings: Mfr=0, Product=2, SerialNumber=0
[    7.070830] kernel: usb 1-4: Product: BT DONGLE10
[    7.070847] kernel: ata1: SATA link down (SStatus 0 SControl 300)
[    7.071075] kernel: usb 3-3: New USB device found, idVendor=2a7a, idProduct=938f, bcdDevice= 0.01
[    7.071284] kernel: usb 3-3: New USB device strings: Mfr=0, Product=1, SerialNumber=0
[    7.071488] kernel: usb 3-3: Product: CASUE USB KB
[    7.071794] kernel: usb 3-4: new high-speed USB device number 4 using xhci_hcd
[    7.071817] kernel: ata2: SATA link down (SStatus 0 SControl 300)
[    7.072059] kernel: usb 3-4: New USB device found, idVendor=148f, idProduct=7601, bcdDevice= 0.00
[    7.072273] kernel: usb 3-4: New USB device strings: Mfr=1, Product=2, SerialNumber=3
[    7.072483] kernel: usb 3-4: Product: 802.11 n WLAN
[    7.072733] kernel: usb 3-4: Manufacturer: MediaTek
[    7.072946] kernel: usb 3-4: SerialNumber: 1.0
[    7.072963] kernel: hid: raw HID events driver (C) Jiri Kosina
[    7.072975] kernel: ata5: SATA link down (SStatus 0 SControl 300)
[    7.073232] kernel: scsi 8:0:0:0: Direct-Access     Kingston DataTraveler 3.0 0000 PQ: 0 ANSI: 6
[    7.073469] kernel: sd 8:0:0:0: Attached scsi generic sg0 type 0
[    7.073706] kernel: sd 8:0:0:0: [sda] 60538881 512-byte logical blocks: (31.0 GB/28.9 GiB)
[    7.074024] kernel: sd 8:0:0:0: [sda] Write Protect is off
[    7.074312] kernel: sd 8:0:0:0: [sda] Mode Sense: 23 00 00 00
[    7.074596] kernel: sd 8:0:0:0: [sda] Write cache: disabled, read cache: enabled, doesn't support DPO or FUA
[    7.074618] kernel:  sda: sda1 sda2 sda3
[    7.074877] kernel: sd 8:0:0:0: [sda] Attached SCSI removable disk
[    7.074894] kernel: ata6: SATA link up 1.5 Gbps (SStatus 113 SControl 300)
[    7.074907] kernel: ata6.00: ATAPI: HL-DT-ST DVDRAM GH24NSC0, LK00, max UDMA/133
[    7.074925] kernel: ata6.00: configured for UDMA/133
[    7.075213] kernel: scsi 5:0:0:0: CD-ROM            HL-DT-ST DVDRAM GH24NSC0  LK00 PQ: 0 ANSI: 5
[    7.075484] kernel: sr 5:0:0:0: [sr0] scsi3-mmc drive: 48x/12x writer dvd-ram cd/rw xa/form2 cdda tray
[    7.075502] kernel: cdrom: Uniform CD-ROM driver Revision: 3.20
[    7.075723] kernel: sr 5:0:0:0: Attached scsi CD-ROM sr0
[    7.075946] kernel: sr 5:0:0:0: Attached scsi generic sg1 type 5
[    7.075961] kernel: usbcore: registered new interface driver uas
[    7.076214] kernel: r8169 0000:06:00.0 enp6s0: renamed from eth0
[    7.076237] kernel: usbcore: registered new interface driver usbhid
[    7.076249] kernel: usbhid: USB HID core driver
[    7.076261] kernel: input: MOSART Semi. 2.4G Keyboard Mouse as /devices/pci0000:00/0000:00:08.1/0000:07:00.3/usb3/3-2/3-2:1.0/0003:062A:4C01.0001/input/input3
[    7.076516] kernel: hid-generic 0003:062A:4C01.0001: input,hidraw0: USB HID v1.10 Keyboard [MOSART Semi. 2.4G Keyboard Mouse] on usb-0000:07:00.3-2/input0
[    7.076534] kernel: input: MOSART Semi. 2.4G Keyboard Mouse as /devices/pci0000:00/0000:00:08.1/0000:07:00.3/usb3/3-2/3-2:1.1/0003:062A:4C01.0002/input/input4
[    7.076547] kernel: input: MOSART Semi. 2.4G Keyboard Mouse Consumer Control as /devices/pci0000:00/0000:00:08.1/0000:07:00.3/usb3/3-2/3-2:1.1/0003:062A:4C01.0002/input/input5
[    7.076559] kernel: input: MOSART Semi. 2.4G Keyboard Mouse System Control as /devices/pci0000:00/0000:00:08.1/0000:07:00.3/usb3/3-2/3-2:1.1/0003:062A:4C01.0002/input/input6
[    7.076575] kernel: input: MOSART Semi. 2.4G Keyboard Mouse as /devices/pci0000:00/0000:00:08.1/0000:07:00.3/usb3/3-2/3-2:1.1/0003:062A:4C01.0002/input/input7
[    7.076811] kernel: hid-generic 0003:062A:4C01.0002: input,hiddev0,hidraw1: USB HID v1.10 Mouse [MOSART Semi. 2.4G Keyboard Mouse] on usb-0000:07:00.3-2/input1
[    7.076828] kernel: input: CASUE USB KB as /devices/pci0000:00/0000:00:08.1/0000:07:00.3/usb3/3-3/3-3:1.0/0003:2A7A:938F.0003/input/input8
[    7.077152] kernel: hid-generic 0003:2A7A:938F.0003: input,hidraw2: USB HID v1.10 Keyboard [CASUE USB KB] on usb-0000:07:00.3-3/input0
[    7.077177] kernel: input: CASUE USB KB Consumer Control as /devices/pci0000:00/0000:00:08.1/0000:07:00.3/usb3/3-3/3-3:1.1/0003:2A7A:938F.0004/input/input9
[    7.077205] kernel: input: CASUE USB KB System Control as /devices/pci0000:00/0000:00:08.1/0000:07:00.3/usb3/3-3/3-3:1.1/0003:2A7A:938F.0004/input/input10
[    7.077451] kernel: hid-generic 0003:2A7A:938F.0004: input,hidraw3: USB HID v1.10 Device [CASUE USB KB] on usb-0000:07:00.3-3/input1
[    7.077473] kernel: raid6: avx2x4   gen() 11714 MB/s
[    7.077485] kernel: raid6: avx2x2   gen() 16478 MB/s
[    7.077496] kernel: raid6: avx2x1   gen() 20402 MB/s
[    7.077508] kernel: raid6: using algorithm avx2x1 gen() 20402 MB/s
[    7.077520] kernel: raid6: .... xor() 12690 MB/s, rmw enabled
[    7.077532] kernel: raid6: using avx2x2 recovery algorithm
[    7.077543] kernel: xor: automatically using best checksumming function   avx       
[    7.077555] kernel: Btrfs loaded, zoned=yes, fsverity=yes
[    7.077569] kernel: EXT4-fs (sda2): mounted filesystem a8465cb1-32e2-4975-af2b-b1d070a0fe19 ro with ordered data mode. Quota mode: none.
[    7.077582] systemd[1]: Inserted module 'autofs4'
[    7.077598] systemd[1]: systemd 257.9-0ubuntu2 running in system mode (+PAM +AUDIT +SELINUX +APPARMOR +IMA +IPE +SMACK +SECCOMP +GCRYPT -GNUTLS +OPENSSL +ACL +BLKID +CURL +ELFUTILS +FIDO2 +IDN2 -IDN +IPTC +KMOD +LIBCRYPTSETUP +LIBCRYPTSETUP_PLUGINS +LIBFDISK +PCRE2 +PWQUALITY +P11KIT +QRENCODE +TPM2 +BZIP2 +LZ4 +XZ +ZLIB +ZSTD +BPF_FRAMEWORK +BTF -XKBCOMMON -UTMP +SYSVINIT +LIBARCHIVE)
[    7.077611] systemd[1]: Detected architecture x86-64.
[    7.077624] systemd[1]: Hostname set to <USUARIO-a320ms2h>.
[    7.077637] systemd[1]: bpf-restrict-fs: BPF LSM hook not enabled in the kernel, BPF LSM not supported.
[    7.077649] systemd-rc-local-generator[268]: /etc/rc.local is not marked executable, skipping.
[    7.077666] systemd-sysv-generator[272]: SysV service '/etc/init.d/bluemon' lacks a native systemd unit file, automatically generating a unit file for compatibility.
[    7.077680] systemd-sysv-generator[272]: Please update package to include a native systemd unit file.
[    7.077693] systemd-sysv-generator[272]: ! This compatibility logic is deprecated, expect removal soon. !
[    7.077706] systemd-sysv-generator[272]: SysV service '/etc/init.d/grub-common' lacks a native systemd unit file, automatically generating a unit file for compatibility.
[    7.077718] systemd-sysv-generator[272]: Please update package to include a native systemd unit file.
[    7.077742] systemd-sysv-generator[272]: ! This compatibility logic is deprecated, expect removal soon. !
[    7.077755] systemd[1]: Queued start job for default target graphical.target.
[    7.077771] systemd[1]: Created slice system-cups.slice - CUPS Slice.
[    7.077790] systemd[1]: Created slice system-modprobe.slice - Slice /system/modprobe.
[    7.077807] systemd[1]: Created slice system-systemd\x2dfsck.slice - Slice /system/systemd-fsck.
[    7.077823] systemd[1]: Created slice user.slice - User and Session Slice.
[    7.077839] systemd[1]: Started systemd-ask-password-wall.path - Forward Password Requests to Wall Directory Watch.
[    7.077863] systemd[1]: Set up automount proc-sys-fs-binfmt_misc.automount - Arbitrary Executable File Formats File System Automount Point.
[    7.077880] systemd[1]: Expecting device dev-disk-by\x2duuid-32346230\x2d2454\x2d4a95\x2d8987\x2d83ab819878ba.device - /dev/disk/by-uuid/32346230-2454-4a95-8987-83ab819878ba...
[    7.077893] systemd[1]: Reached target integritysetup.target - Local Integrity Protected Volumes.
[    7.077909] systemd[1]: Reached target nss-user-lookup.target - User and Group Name Lookups.
[    7.077921] systemd[1]: Reached target remote-fs.target - Remote File Systems.
[    7.077933] systemd[1]: Reached target slices.target - Slice Units.
[    7.077945] systemd[1]: Reached target snapd.mounts-pre.target - Mounting snaps.
[    7.077958] systemd[1]: Reached target snapd.mounts.target - Mounted snaps.
[    7.077970] systemd[1]: Reached target veritysetup.target - Local Verity Protected Volumes.
[    7.077983] systemd[1]: Listening on dm-event.socket - Device-mapper event daemon FIFOs.
[    7.077995] systemd[1]: Listening on lvm2-lvmpolld.socket - LVM2 poll daemon socket.
[    7.078021] systemd[1]: Listening on syslog.socket - Syslog Socket.
[    7.078037] systemd[1]: Listening on systemd-creds.socket - Credential Encryption/Decryption.
[    7.078053] systemd[1]: Listening on systemd-initctl.socket - initctl Compatibility Named Pipe.
[    7.078066] systemd[1]: Listening on systemd-journald-dev-log.socket - Journal Socket (/dev/log).
[    7.078078] systemd[1]: Listening on systemd-journald.socket - Journal Sockets.
[    7.078091] systemd[1]: Listening on systemd-oomd.socket - Userspace Out-Of-Memory (OOM) Killer Socket.
[    7.078104] systemd[1]: systemd-pcrextend.socket - TPM PCR Measurements was skipped because of an unmet condition check (ConditionSecurity=measured-uki).
[    7.078116] systemd[1]: systemd-pcrlock.socket - Make TPM PCR Policy was skipped because of an unmet condition check (ConditionSecurity=measured-uki).
[    7.078132] systemd[1]: Listening on systemd-udevd-control.socket - udev Control Socket.
[    7.078144] systemd[1]: Listening on systemd-udevd-kernel.socket - udev Kernel Socket.
[    7.078156] systemd[1]: Mounting dev-hugepages.mount - Huge Pages File System...
[    7.078169] systemd[1]: Mounting dev-mqueue.mount - POSIX Message Queue File System...
[    7.078181] systemd[1]: Mounting run-lock.mount - Legacy Locks Directory /run/lock...
[    7.078194] systemd[1]: Mounting sys-kernel-debug.mount - Kernel Debug File System...
[    7.078206] systemd[1]: Mounting sys-kernel-tracing.mount - Kernel Trace File System...
[    7.078219] systemd[1]: Starting systemd-journald.service - Journal Service...
[    7.078233] systemd[1]: Starting blk-availability.service - Availability of block devices...
[    7.078245] systemd[1]: Starting keyboard-setup.service - Set the console keyboard layout...
[    7.078258] systemd[1]: Starting kmod-static-nodes.service - Create List of Static Device Nodes...
[    7.078271] systemd[1]: Starting lvm2-monitor.service - Monitoring of LVM2 mirrors, snapshots etc. using dmeventd or progress polling...
[    7.078283] systemd[1]: Starting modprobe@configfs.service - Load Kernel Module configfs...
[    7.078296] systemd[1]: Starting modprobe@drm.service - Load Kernel Module drm...
[    7.078308] systemd[1]: Starting modprobe@efi_pstore.service - Load Kernel Module efi_pstore...
[    7.078322] systemd[1]: Starting modprobe@fuse.service - Load Kernel Module fuse...
[    7.078336] systemd[1]: systemd-fsck-root.service - File System Check on Root Device was skipped because of an unmet condition check (ConditionPathExists=!/run/initramfs/fsck-root).
[    7.078350] systemd[1]: systemd-hibernate-clear.service - Clear Stale Hibernate Storage Info was skipped because of an unmet condition check (ConditionPathExists=/sys/firmware/efi/efivars/HibernateLocation-8cf2644b-4b0b-428f-9387-6d876050dc67).
[    7.078363] systemd[1]: Starting systemd-modules-load.service - Load Kernel Modules...
[    7.078376] systemd[1]: systemd-pcrmachine.service - TPM PCR Machine ID Measurement was skipped because of an unmet condition check (ConditionSecurity=measured-uki).
[    7.078388] systemd[1]: Starting systemd-remount-fs.service - Remount Root and Kernel File Systems...
[    7.078401] systemd[1]: systemd-tpm2-setup-early.service - Early TPM SRK Setup was skipped because of an unmet condition check (ConditionSecurity=measured-uki).
[    7.078423] systemd[1]: Starting systemd-udev-load-credentials.service - Load udev Rules from Credentials...
[    7.078439] systemd[1]: Starting systemd-udev-trigger.service - Coldplug All udev Devices...
[    7.078451] systemd[1]: Finished kmod-static-nodes.service - Create List of Static Device Nodes.
[    7.078464] systemd[1]: modprobe@configfs.service: Deactivated successfully.
[    7.078484] systemd[1]: Finished modprobe@configfs.service - Load Kernel Module configfs.
[    7.078500] systemd[1]: modprobe@drm.service: Deactivated successfully.
[    7.078516] systemd[1]: Finished modprobe@drm.service - Load Kernel Module drm.
[    7.078531] systemd[1]: modprobe@efi_pstore.service: Deactivated successfully.
[    7.078547] systemd[1]: Finished modprobe@efi_pstore.service - Load Kernel Module efi_pstore.
[    7.078565] systemd[1]: modprobe@fuse.service: Deactivated successfully.
[    7.078580] systemd[1]: Finished modprobe@fuse.service - Load Kernel Module fuse.
[    7.078595] systemd[1]: Mounting sys-fs-fuse-connections.mount - FUSE Control File System...
[    7.078610] systemd[1]: Mounting sys-kernel-config.mount - Kernel Configuration File System...
[    7.078625] systemd[1]: Starting systemd-tmpfiles-setup-dev-early.service - Create Static Device Nodes in /dev gracefully...
[    7.078640] systemd[1]: Mounted dev-hugepages.mount - Huge Pages File System.
[    7.078654] systemd[1]: Mounted dev-mqueue.mount - POSIX Message Queue File System.
[    7.078669] systemd[1]: Mounted run-lock.mount - Legacy Locks Directory /run/lock.
[    7.078685] systemd[1]: Mounted sys-kernel-debug.mount - Kernel Debug File System.
[    7.078703] systemd[1]: Mounted sys-kernel-tracing.mount - Kernel Trace File System.
[    7.078726] systemd[1]: Mounted sys-kernel-config.mount - Kernel Configuration File System.
[    7.078741] systemd[1]: Mounted sys-fs-fuse-connections.mount - FUSE Control File System.
[    7.078753] kernel: EXT4-fs (sda2): re-mounted a8465cb1-32e2-4975-af2b-b1d070a0fe19 r/w.
[    7.078766] systemd[1]: Finished systemd-remount-fs.service - Remount Root and Kernel File Systems.
[    7.078778] systemd[1]: Activating swap swapfile.swap - /swapfile...
[    7.078790] systemd[1]: systemd-hwdb-update.service - Rebuild Hardware Database was skipped because of an unmet condition check (ConditionNeedsUpdate=/etc).
[    7.078803] systemd[1]: systemd-pstore.service - Platform Persistent Storage Archival was skipped because of an unmet condition check (ConditionDirectoryNotEmpty=/sys/fs/pstore).
[    7.078818] systemd[1]: Starting systemd-random-seed.service - Load/Save OS Random Seed...
[    7.078831] systemd[1]: systemd-tpm2-setup.service - TPM SRK Setup was skipped because of an unmet condition check (ConditionSecurity=measured-uki).
[    7.078843] systemd[1]: Finished blk-availability.service - Availability of block devices.
[    7.078891] systemd-journald[285]: Collecting audit messages is disabled.
[    7.078923] systemd[1]: Finished systemd-udev-load-credentials.service - Load udev Rules from Credentials.
[    7.078935] kernel: Adding 524284k swap on /swapfile.  Priority:-2 extents:34 across:843772k 
[    7.078949] systemd[1]: Activated swap swapfile.swap - /swapfile.
[    7.078961] systemd[1]: Reached target swap.target - Swaps.
[    7.078973] kernel: lp: driver loaded but no devices found
[    7.078985] systemd[1]: Finished systemd-random-seed.service - Load/Save OS Random Seed.
[    7.080580] systemd[1]: Started systemd-journald.service - Journal Service.
[    7.080622] kernel: ppdev: user-space parallel port driver
[    8.432825] systemd-journald[285]: Received client request to flush runtime journal.
[    9.054130] kernel: ccp 0000:07:00.2: ccp enabled
[    9.054521] kernel: ccp 0000:07:00.2: psp: unable to access the device: you might be running a broken BIOS.
[    9.057020] kernel: Bluetooth: Core ver 2.22
[    9.057097] kernel: NET: Registered PF_BLUETOOTH protocol family
[    9.057117] kernel: Bluetooth: HCI device and connection manager initialized
[    9.057140] kernel: Bluetooth: HCI socket layer initialized
[    9.057158] kernel: Bluetooth: L2CAP socket layer initialized
[    9.058016] kernel: Bluetooth: SCO socket layer initialized
[    9.058052] kernel: RAPL PMU: API unit is 2^-32 Joules, 2 fixed counters, 163840 ms ovfl timer
[    9.058070] kernel: RAPL PMU: hw unit of domain package 2^-16 Joules
[    9.058096] kernel: RAPL PMU: hw unit of domain core 2^-16 Joules
[    9.079126] kernel: MCE: In-kernel MCE decoding enabled.
[    9.104038] kernel: ACPI Warning: SystemIO range 0x0000000000000B00-0x0000000000000B08 conflicts with OpRegion 0x0000000000000B00-0x0000000000000B0F (\GSA1.SMBI) (20250404/utaddress-204)
[    9.104114] kernel: ACPI: OSL: Resource conflict; ACPI support missing from driver?
[    9.175076] kernel: cfg80211: Loading compiled-in X.509 certificates for regulatory database
[    9.178032] kernel: Loaded X.509 cert 'sforshee: 00b28ddf47aef9cea7'
[    9.178114] kernel: Loaded X.509 cert 'wens: 61c038651aabdcf94bd0ac7ff06c7248db18c600'
[    9.201027] kernel: usbcore: registered new interface driver btusb
[    9.204028] kernel: Bluetooth: hci0: CSR: Setting up dongle with HCI ver=12 rev=0201
[    9.204143] kernel: Bluetooth: hci0: LMP ver=12 subver=0201; manufacturer=10
[    9.204164] kernel: Bluetooth: hci0: CSR: Unbranded CSR clone detected; adding workarounds and force-suspending once...
[    9.206063] kernel: EXT4-fs (sda3): mounted filesystem 32346230-2454-4a95-8987-83ab819878ba r/w with ordered data mode. Quota mode: none.
[    9.234033] kernel: intel_rapl_common: Found RAPL domain package
[    9.234090] kernel: intel_rapl_common: Found RAPL domain core
[    9.245020] kernel: amd_atl: AMD Address Translation Library initialized
[    9.435159] kernel: snd_hda_intel 0000:07:00.1: Handle vga_switcheroo audio client
[    9.462042] kernel: input: HD-Audio Generic HDMI/DP,pcm=3 as /devices/pci0000:00/0000:00:08.1/0000:07:00.1/sound/card0/input11
[    9.463017] kernel: input: HD-Audio Generic HDMI/DP,pcm=7 as /devices/pci0000:00/0000:00:08.1/0000:07:00.1/sound/card0/input12
[    9.463078] kernel: input: HD-Audio Generic HDMI/DP,pcm=8 as /devices/pci0000:00/0000:00:08.1/0000:07:00.1/sound/card0/input13
[    9.486018] kernel: snd_hda_codec_alc882 hdaudioC1D0: autoconfig for ALC887-VD: line_outs=1 (0x14/0x0/0x0/0x0/0x0) type:line
[    9.486342] kernel: snd_hda_codec_alc882 hdaudioC1D0:    speaker_outs=0 (0x0/0x0/0x0/0x0/0x0)
[    9.486587] kernel: snd_hda_codec_alc882 hdaudioC1D0:    hp_outs=1 (0x1b/0x0/0x0/0x0/0x0)
[    9.486847] kernel: snd_hda_codec_alc882 hdaudioC1D0:    mono: mono_out=0x0
[    9.487128] kernel: snd_hda_codec_alc882 hdaudioC1D0:    dig-out=0x11/0x0
[    9.487351] kernel: snd_hda_codec_alc882 hdaudioC1D0:    inputs:
[    9.487573] kernel: snd_hda_codec_alc882 hdaudioC1D0:      Rear Mic=0x18
[    9.487789] kernel: snd_hda_codec_alc882 hdaudioC1D0:      Front Mic=0x19
[    9.488009] kernel: snd_hda_codec_alc882 hdaudioC1D0:      Line=0x1a
[    9.495018] kernel: audit: type=1400 audit(1769965645.426:2): apparmor="STATUS" operation="profile_load" profile="unconfined" name=4D6F6E676F444220436F6D70617373 pid=525 comm="apparmor_parser"
[    9.495103] kernel: audit: type=1400 audit(1769965645.426:3): apparmor="STATUS" operation="profile_load" profile="unconfined" name="Discord" pid=524 comm="apparmor_parser"
[    9.495125] kernel: audit: type=1400 audit(1769965645.426:4): apparmor="STATUS" operation="profile_load" profile="unconfined" name="1password" pid=523 comm="apparmor_parser"
[    9.495147] kernel: audit: type=1400 audit(1769965645.427:5): apparmor="STATUS" operation="profile_load" profile="unconfined" name="QtWebEngineProcess" pid=526 comm="apparmor_parser"
[    9.507020] kernel: usb 3-4: reset high-speed USB device number 4 using xhci_hcd
[    9.507449] kernel: audit: type=1400 audit(1769965645.442:6): apparmor="STATUS" operation="profile_load" profile="unconfined" name="balena-etcher" pid=534 comm="apparmor_parser"
[    9.511022] kernel: input: HD-Audio Generic Rear Mic as /devices/pci0000:00/0000:00:08.1/0000:07:00.6/sound/card1/input14
[    9.511098] kernel: input: HD-Audio Generic Front Mic as /devices/pci0000:00/0000:00:08.1/0000:07:00.6/sound/card1/input15
[    9.511121] kernel: input: HD-Audio Generic Line as /devices/pci0000:00/0000:00:08.1/0000:07:00.6/sound/card1/input16
[    9.511145] kernel: input: HD-Audio Generic Line Out as /devices/pci0000:00/0000:00:08.1/0000:07:00.6/sound/card1/input17
[    9.511162] kernel: input: HD-Audio Generic Front Headphone as /devices/pci0000:00/0000:00:08.1/0000:07:00.6/sound/card1/input18
[    9.526464] kernel: audit: type=1400 audit(1769965645.461:7): apparmor="STATUS" operation="profile_load" profile="unconfined" name="babeld" pid=533 comm="apparmor_parser"
[    9.528076] kernel: audit: type=1400 audit(1769965645.463:8): apparmor="STATUS" operation="profile_load" profile="unconfined" name="bfdd" pid=535 comm="apparmor_parser"
[    9.528144] kernel: Bluetooth: hci0: HCI Delete Stored Link Key command is advertised, but not supported.
[    9.528173] kernel: Bluetooth: hci0: HCI Read Default Erroneous Data Reporting command is advertised, but not supported.
[    9.528190] kernel: Bluetooth: hci0: HCI Set Event Filter command not supported.
[    9.535032] kernel: audit: type=1400 audit(1769965645.470:9): apparmor="STATUS" operation="profile_load" profile="unconfined" name="alsamixer" pid=532 comm="apparmor_parser"
[    9.539027] kernel: audit: type=1400 audit(1769965645.473:10): apparmor="STATUS" operation="profile_load" profile="unconfined" name="brave" pid=538 comm="apparmor_parser"
[    9.541020] kernel: audit: type=1400 audit(1769965645.476:11): apparmor="STATUS" operation="profile_load" profile="unconfined" name="buildah" pid=539 comm="apparmor_parser"
[    9.636052] kernel: mt7601u 3-4:1.0: ASIC revision: 76010001 MAC revision: 76010500
[    9.679029] kernel: mt7601u 3-4:1.0: EEPROM ver:0d fae:00
[    9.876132] kernel: ieee80211 phy0: Selected rate control algorithm 'minstrel_ht'
[    9.878025] kernel: usbcore: registered new interface driver mt7601u
[   12.138867] kernel: loop0: detected capacity change from 0 to 8
[   13.723146] kernel: Bluetooth: BNEP (Ethernet Emulation) ver 1.3
[   13.723220] kernel: Bluetooth: BNEP filters: protocol multicast
[   13.723239] kernel: Bluetooth: BNEP socket layer initialized
[   13.723266] kernel: mt7601u 3-4:1.0 wlx00e1b011877f: renamed from wlan0
[   13.727700] kernel: NET: Registered PF_QIPCRTR protocol family
[   13.727726] kernel: Bluetooth: MGMT ver 1.23
[   13.737187] kernel: [drm] amdgpu kernel modesetting enabled.
[   13.752787] kernel: NET: Registered PF_ALG protocol family
[   13.782063] kernel: amdgpu: Virtual CRAT table created for CPU
[   13.783056] kernel: amdgpu: Topology: Add CPU node
[   13.784038] kernel: amdgpu 0000:07:00.0: amdgpu: initializing kernel modesetting (RAVEN 0x1002:0x15D8 0x1002:0x15D8 0xCC).
[   13.784426] kernel: amdgpu 0000:07:00.0: amdgpu: register mmio base: 0xFCD00000
[   13.784721] kernel: amdgpu 0000:07:00.0: amdgpu: register mmio size: 524288
[   13.804025] kernel: Bluetooth: RFCOMM TTY layer initialized
[   13.804145] kernel: Bluetooth: RFCOMM socket layer initialized
[   13.804185] kernel: Bluetooth: RFCOMM ver 1.11
[   13.815034] kernel: amdgpu 0000:07:00.0: amdgpu: detected ip block number 0 <soc15_common>
[   13.816630] kernel: amdgpu 0000:07:00.0: amdgpu: detected ip block number 1 <gmc_v9_0>
[   13.816922] kernel: amdgpu 0000:07:00.0: amdgpu: detected ip block number 2 <vega10_ih>
[   13.817182] kernel: amdgpu 0000:07:00.0: amdgpu: detected ip block number 3 <psp>
[   13.817424] kernel: amdgpu 0000:07:00.0: amdgpu: detected ip block number 4 <powerplay>
[   13.817679] kernel: amdgpu 0000:07:00.0: amdgpu: detected ip block number 5 <dm>
[   13.817914] kernel: amdgpu 0000:07:00.0: amdgpu: detected ip block number 6 <gfx_v9_0>
[   13.818181] kernel: amdgpu 0000:07:00.0: amdgpu: detected ip block number 7 <sdma_v4_0>
[   13.818442] kernel: amdgpu 0000:07:00.0: amdgpu: detected ip block number 8 <vcn_v1_0>
[   13.850028] kernel: amdgpu 0000:07:00.0: amdgpu: Fetched VBIOS from ROM BAR
[   13.850543] kernel: amdgpu: ATOM BIOS: 113-RAVEN2-114
[   13.974561] kernel: amdgpu 0000:07:00.0: vgaarb: deactivate vga console
[   13.975158] kernel: amdgpu 0000:07:00.0: amdgpu: Trusted Memory Zone (TMZ) feature enabled
[   13.975491] kernel: amdgpu 0000:07:00.0: amdgpu: vm size is 262144 GB, 3 levels, block size is 9-bit, fragment size is 9-bit
[   13.975844] kernel: amdgpu 0000:07:00.0: amdgpu: VRAM: 2048M 0x000000F400000000 - 0x000000F47FFFFFFF (2048M used)
[   13.976174] kernel: amdgpu 0000:07:00.0: amdgpu: GART: 1024M 0x0000000000000000 - 0x000000003FFFFFFF
[   13.976479] kernel: [drm] Detected VRAM RAM=2048M, BAR=2048M
[   13.976506] kernel: [drm] RAM width 64bits DDR4
[   13.976524] kernel: amdgpu 0000:07:00.0: amdgpu: amdgpu: 2048M of VRAM memory ready
[   13.976847] kernel: amdgpu 0000:07:00.0: amdgpu: amdgpu: 2937M of GTT memory ready.
[   13.977178] kernel: [drm] GART: num cpu pages 262144, num gpu pages 262144
[   13.977196] kernel: [drm] PCIE GART of 1024M enabled.
[   13.977229] kernel: [drm] PTB located at 0x000000F47FC00000
[   13.977247] kernel: amdgpu: hwmgr_sw_init smu backed is smu10_smu
[   13.981581] kernel: amdgpu 0000:07:00.0: amdgpu: Found VCN firmware Version ENC: 1.15 DEC: 3 VEP: 0 Revision: 0
[   14.003028] kernel: amdgpu 0000:07:00.0: amdgpu: reserve 0x400000 from 0xf47f800000 for PSP TMR
[   14.040024] kernel: amdgpu 0000:07:00.0: amdgpu: failed to load ucode RLC_RESTORE_LIST_CNTL(0x29) 
[   14.040435] kernel: amdgpu 0000:07:00.0: amdgpu: psp gfx command LOAD_IP_FW(0x6) failed and response status is (0xFFFF300F)
[   14.040707] kernel: amdgpu 0000:07:00.0: amdgpu: failed to load ucode RLC_RESTORE_LIST_GPM_MEM(0x2A) 
[   14.040964] kernel: amdgpu 0000:07:00.0: amdgpu: psp gfx command LOAD_IP_FW(0x6) failed and response status is (0xFFFF000F)
[   14.041233] kernel: amdgpu 0000:07:00.0: amdgpu: failed to load ucode RLC_RESTORE_LIST_SRM_MEM(0x2B) 
[   14.041480] kernel: amdgpu 0000:07:00.0: amdgpu: psp gfx command LOAD_IP_FW(0x6) failed and response status is (0xFFFF000F)
[   14.062026] kernel: amdgpu 0000:07:00.0: amdgpu: RAS: optional ras ta ucode is not available
[   14.067023] kernel: amdgpu 0000:07:00.0: amdgpu: RAP: optional rap ta ucode is not available
[   14.067684] kernel: amdgpu 0000:07:00.0: amdgpu: SECUREDISPLAY: optional securedisplay ta ucode is not available
[   14.068191] kernel: [drm] DM_PPLIB: values for F clock
[   14.068214] kernel: [drm] DM_PPLIB:         400000 in kHz, 3649 in mV
[   14.068252] kernel: [drm] DM_PPLIB:         933000 in kHz, 3974 in mV
[   14.068272] kernel: [drm] DM_PPLIB:         1067000 in kHz, 4174 in mV
[   14.068292] kernel: [drm] DM_PPLIB:         1200000 in kHz, 4325 in mV
[   14.068320] kernel: [drm] DM_PPLIB: values for DCF clock
[   14.068356] kernel: [drm] DM_PPLIB:         300000 in kHz, 3649 in mV
[   14.068395] kernel: [drm] DM_PPLIB:         600000 in kHz, 3974 in mV
[   14.068430] kernel: [drm] DM_PPLIB:         626000 in kHz, 4174 in mV
[   14.068456] kernel: [drm] DM_PPLIB:         654000 in kHz, 4325 in mV
[   14.069035] kernel: amdgpu 0000:07:00.0: amdgpu: [drm] Display Core v3.2.340 initialized on DCN 1.0.1
[   14.084031] kernel: snd_hda_intel 0000:07:00.1: bound 0000:07:00.0 (ops amdgpu_dm_audio_component_bind_ops [amdgpu])
[   14.154069] kernel: amdgpu 0000:07:00.0: amdgpu: kiq ring mec 2 pipe 1 q 0
[   14.171319] kernel: kfd kfd: amdgpu: Allocated 3969056 bytes on gart
[   14.171632] kernel: kfd kfd: amdgpu: Total number of KFD nodes to be created: 1
[   14.171815] kernel: amdgpu: Virtual CRAT table created for GPU
[   14.171836] kernel: amdgpu: Topology: Add dGPU node [0x15d8:0x1002]
[   14.171849] kernel: kfd kfd: amdgpu: added device 1002:15d8
[   14.172019] kernel: amdgpu 0000:07:00.0: amdgpu: SE 1, SH per SE 1, CU per SH 3, active_cu_number 3
[   14.172291] kernel: amdgpu 0000:07:00.0: amdgpu: ring gfx uses VM inv eng 0 on hub 0
[   14.172561] kernel: amdgpu 0000:07:00.0: amdgpu: ring comp_1.0.0 uses VM inv eng 1 on hub 0
[   14.172805] kernel: amdgpu 0000:07:00.0: amdgpu: ring comp_1.1.0 uses VM inv eng 4 on hub 0
[   14.173063] kernel: amdgpu 0000:07:00.0: amdgpu: ring comp_1.2.0 uses VM inv eng 5 on hub 0
[   14.173308] kernel: amdgpu 0000:07:00.0: amdgpu: ring comp_1.3.0 uses VM inv eng 6 on hub 0
[   14.173563] kernel: amdgpu 0000:07:00.0: amdgpu: ring comp_1.0.1 uses VM inv eng 7 on hub 0
[   14.173820] kernel: amdgpu 0000:07:00.0: amdgpu: ring comp_1.1.1 uses VM inv eng 8 on hub 0
[   14.176086] kernel: amdgpu 0000:07:00.0: amdgpu: ring comp_1.2.1 uses VM inv eng 9 on hub 0
[   14.176411] kernel: amdgpu 0000:07:00.0: amdgpu: ring comp_1.3.1 uses VM inv eng 10 on hub 0
[   14.176714] kernel: amdgpu 0000:07:00.0: amdgpu: ring kiq_[IP_OCULTO] uses VM inv eng 11 on hub 0
[   14.177090] kernel: amdgpu 0000:07:00.0: amdgpu: ring sdma0 uses VM inv eng 0 on hub 8
[   14.177421] kernel: amdgpu 0000:07:00.0: amdgpu: ring vcn_dec uses VM inv eng 1 on hub 8
[   14.177745] kernel: amdgpu 0000:07:00.0: amdgpu: ring vcn_enc0 uses VM inv eng 4 on hub 8
[   14.178078] kernel: amdgpu 0000:07:00.0: amdgpu: ring vcn_enc1 uses VM inv eng 5 on hub 8
[   14.178393] kernel: amdgpu 0000:07:00.0: amdgpu: ring jpeg_dec uses VM inv eng 6 on hub 8
[   14.178695] kernel: amdgpu: pp_dpm_get_sclk_od was not implemented.
[   14.178714] kernel: amdgpu: pp_dpm_get_mclk_od was not implemented.
[   14.178731] kernel: amdgpu 0000:07:00.0: amdgpu: Runtime PM not available
[   14.179820] kernel: amdgpu 0000:07:00.0: [drm] Registered 3 planes with drm panic
[   14.180107] kernel: [drm] Initialized amdgpu 3.64.0 for 0000:07:00.0 on minor 1
[   14.193093] kernel: fbcon: amdgpudrmfb (fb0) is primary device
[   14.193167] kernel: fbcon: Deferring console take-over
[   14.193210] kernel: amdgpu 0000:07:00.0: [drm] fb0: amdgpudrmfb frame buffer device
[   14.395057] systemd-rc-local-generator[1073]: /etc/rc.local is not marked executable, skipping.
[   14.402022] systemd-sysv-generator[1078]: SysV service '/etc/init.d/bluemon' lacks a native systemd unit file, automatically generating a unit file for compatibility.
[   14.402101] systemd-sysv-generator[1078]: Please update package to include a native systemd unit file.
[   14.402138] systemd-sysv-generator[1078]: ! This compatibility logic is deprecated, expect removal soon. !
[   14.405012] systemd-sysv-generator[1078]: SysV service '/etc/init.d/grub-common' lacks a native systemd unit file, automatically generating a unit file for compatibility.
[   14.405046] systemd-sysv-generator[1078]: Please update package to include a native systemd unit file.
[   14.405066] systemd-sysv-generator[1078]: ! This compatibility logic is deprecated, expect removal soon. !
[   14.693038] kernel: Generic FE-GE Realtek PHY r8169-0-600:00: attached PHY driver (mii_bus:phy_addr=r8169-0-600:00, irq=MAC)
[   14.835073] kernel: r8169 0000:06:00.0 enp6s0: Link is Down
[   15.179036] kernel: kauditd_printk_skb: 196 callbacks suppressed
[   15.179137] kernel: audit: type=1400 audit(1769965651.114:208): apparmor="DENIED" operation="open" class="file" profile="/usr/sbin/cupsd" name="/etc/paperspecs" pid=1084 comm="cupsd" requested_mask="r" denied_mask="r" fsuid=0 ouid=0
[   15.665720] kernel: audit: type=1400 audit(1769965651.600:209): apparmor="DENIED" operation="capable" class="cap" profile="/usr/sbin/cupsd" pid=1084 comm="cupsd" capability=12  capname="net_admin"
[   15.887028] kernel: audit: type=1400 audit(1769965651.822:210): apparmor="ALLOWED" operation="open" class="file" profile="Xorg_wrap" name="/etc/X11/Xwrapper.config" pid=1112 comm="Xorg.wrap" requested_mask="r" denied_mask="r" fsuid=0 ouid=0
[   15.887103] kernel: audit: type=1400 audit(1769965651.822:211): apparmor="ALLOWED" operation="file_perm" class="file" profile="Xorg_wrap" name="/etc/X11/Xwrapper.config" pid=1112 comm="Xorg.wrap" requested_mask="r" denied_mask="r" fsuid=0 ouid=0
[   15.888045] kernel: audit: type=1400 audit(1769965651.823:212): apparmor="ALLOWED" operation="file_perm" class="file" profile="Xorg_wrap" name="/etc/X11/Xwrapper.config" pid=1112 comm="Xorg.wrap" requested_mask="r" denied_mask="r" fsuid=0 ouid=0
[   15.888198] kernel: audit: type=1400 audit(1769965651.823:213): apparmor="ALLOWED" operation="capable" class="cap" profile="Xorg_wrap" pid=1112 comm="Xorg.wrap" capability=21  capname="sys_admin"
[   15.984039] kernel: audit: type=1400 audit(1769965651.919:214): apparmor="ALLOWED" operation="capable" class="cap" profile="Xorg" pid=1112 comm="Xorg" capability=12  capname="net_admin"
[   16.133019] kernel: wlx00e1b011877f: authenticate with IP_OCULTO (local address=IP_OCULTO)
[   16.133081] kernel: wlx00e1b011877f: send auth to IP_OCULTO (try 1/3)
[   16.136028] kernel: wlx00e1b011877f: authenticated
[   16.136050] kernel: wlx00e1b011877f: associate with IP_OCULTO (try 1/3)
[   16.141009] kernel: wlx00e1b011877f: RX AssocResp from IP_OCULTO (capab=0x411 status=0 aid=18)
[   16.165054] kernel: wlx00e1b011877f: associated
[   16.361057] kernel: wlx00e1b011877f: Limiting TX power to 26 (26 - 0) dBm as advertised by IP_OCULTO
[   18.131048] kernel: audit: type=1400 audit(1769965654.066:215): apparmor="ALLOWED" operation="capable" class="cap" profile="Xorg" pid=1112 comm="Xorg" capability=12  capname="net_admin"
[   18.543028] kernel: audit: type=1400 audit(1769965654.478:216): apparmor="ALLOWED" operation="capable" class="cap" profile="Xorg" pid=1112 comm="Xorg" capability=2  capname="dac_read_search"
[   20.047796] kernel: r8169 0000:06:00.0 enp6s0: Link is Up - 100Mbps/Full - flow control rx/tx
[   20.579038] kernel: audit: type=1400 audit(1769965656.512:217): apparmor="DENIED" operation="capable" class="cap" profile="fusermount3" pid=1349 comm="fusermount3" capability=1  capname="dac_override"
[   20.579112] kernel: audit: type=1400 audit(1769965656.512:218): apparmor="DENIED" operation="capable" class="cap" profile="fusermount3" pid=1349 comm="fusermount3" capability=7  capname="setuid"
[   21.204065] kernel: audit: type=1400 audit(1769965657.138:219): apparmor="DENIED" operation="capable" class="cap" profile="fusermount3" pid=1435 comm="fusermount3" capability=1  capname="dac_override"
[   21.204194] kernel: audit: type=1400 audit(1769965657.138:220): apparmor="DENIED" operation="capable" class="cap" profile="fusermount3" pid=1435 comm="fusermount3" capability=7  capname="setuid"
[   25.932033] kernel: audit: type=1400 audit(1769965661.867:221): apparmor="STATUS" operation="profile_load" profile="unconfined" name="docker-default" pid=2003 comm="apparmor_parser"
[   30.918036] kernel: evm: overlay not supported
[   32.218026] kernel: Initializing XFRM netlink socket
[   32.905055] kernel: bridge: filtering via arp/ip/ip6tables is no longer available by default. Update your scripts to load br_netfilter if you need this.
[   33.086022] kernel: audit: type=1400 audit(1769965669.021:222): apparmor="DENIED" operation="mknod" class="file" profile="/usr/bin/papers-thumbnailer" name="/home/USUARIO/.cache/thumbnails/normal/a8f664afb39f0b97927947947a428137.png" pid=2399 comm="papers-thumbnai" requested_mask="c" denied_mask="c" fsuid=1000 ouid=1000
